Archive member included to satisfy reference by file (symbol)

/opt/st/stm32cubeide_1.5.0/plugins/com.st.stm32cube.ide.mcu.externaltools.gnu-tools-for-stm32.7-2018-q2-update.linux64_1.5.0.202011040924/tools/bin/../lib/gcc/arm-none-eabi/7.3.1/../../../../arm-none-eabi/lib/thumb/v7e-m/fpv5/hard/libc_nano.a(lib_a-bzero.o)
                              Core/Src/SintMate/Application/SintMate.o (bzero)
/opt/st/stm32cubeide_1.5.0/plugins/com.st.stm32cube.ide.mcu.externaltools.gnu-tools-for-stm32.7-2018-q2-update.linux64_1.5.0.202011040924/tools/bin/../lib/gcc/arm-none-eabi/7.3.1/../../../../arm-none-eabi/lib/thumb/v7e-m/fpv5/hard/libc_nano.a(lib_a-errno.o)
                              Core/Src/syscalls.o (__errno)
/opt/st/stm32cubeide_1.5.0/plugins/com.st.stm32cube.ide.mcu.externaltools.gnu-tools-for-stm32.7-2018-q2-update.linux64_1.5.0.202011040924/tools/bin/../lib/gcc/arm-none-eabi/7.3.1/../../../../arm-none-eabi/lib/thumb/v7e-m/fpv5/hard/libc_nano.a(lib_a-exit.o)
                              /opt/st/stm32cubeide_1.5.0/plugins/com.st.stm32cube.ide.mcu.externaltools.gnu-tools-for-stm32.7-2018-q2-update.linux64_1.5.0.202011040924/tools/bin/../lib/gcc/arm-none-eabi/7.3.1/../../../../arm-none-eabi/lib/thumb/v7e-m/fpv5/hard/crt0.o (exit)
/opt/st/stm32cubeide_1.5.0/plugins/com.st.stm32cube.ide.mcu.externaltools.gnu-tools-for-stm32.7-2018-q2-update.linux64_1.5.0.202011040924/tools/bin/../lib/gcc/arm-none-eabi/7.3.1/../../../../arm-none-eabi/lib/thumb/v7e-m/fpv5/hard/libc_nano.a(lib_a-impure.o)
                              /opt/st/stm32cubeide_1.5.0/plugins/com.st.stm32cube.ide.mcu.externaltools.gnu-tools-for-stm32.7-2018-q2-update.linux64_1.5.0.202011040924/tools/bin/../lib/gcc/arm-none-eabi/7.3.1/../../../../arm-none-eabi/lib/thumb/v7e-m/fpv5/hard/libc_nano.a(lib_a-exit.o) (_global_impure_ptr)
/opt/st/stm32cubeide_1.5.0/plugins/com.st.stm32cube.ide.mcu.externaltools.gnu-tools-for-stm32.7-2018-q2-update.linux64_1.5.0.202011040924/tools/bin/../lib/gcc/arm-none-eabi/7.3.1/../../../../arm-none-eabi/lib/thumb/v7e-m/fpv5/hard/libc_nano.a(lib_a-init.o)
                              /opt/st/stm32cubeide_1.5.0/plugins/com.st.stm32cube.ide.mcu.externaltools.gnu-tools-for-stm32.7-2018-q2-update.linux64_1.5.0.202011040924/tools/bin/../lib/gcc/arm-none-eabi/7.3.1/../../../../arm-none-eabi/lib/thumb/v7e-m/fpv5/hard/crt0.o (__libc_init_array)
/opt/st/stm32cubeide_1.5.0/plugins/com.st.stm32cube.ide.mcu.externaltools.gnu-tools-for-stm32.7-2018-q2-update.linux64_1.5.0.202011040924/tools/bin/../lib/gcc/arm-none-eabi/7.3.1/../../../../arm-none-eabi/lib/thumb/v7e-m/fpv5/hard/libc_nano.a(lib_a-memset.o)
                              /opt/st/stm32cubeide_1.5.0/plugins/com.st.stm32cube.ide.mcu.externaltools.gnu-tools-for-stm32.7-2018-q2-update.linux64_1.5.0.202011040924/tools/bin/../lib/gcc/arm-none-eabi/7.3.1/../../../../arm-none-eabi/lib/thumb/v7e-m/fpv5/hard/crt0.o (memset)
/opt/st/stm32cubeide_1.5.0/plugins/com.st.stm32cube.ide.mcu.externaltools.gnu-tools-for-stm32.7-2018-q2-update.linux64_1.5.0.202011040924/tools/bin/../lib/gcc/arm-none-eabi/7.3.1/../../../../arm-none-eabi/lib/thumb/v7e-m/fpv5/hard/libc_nano.a(lib_a-sprintf.o)
                              Core/Src/SintMate/Application/SintMate.o (sprintf)
/opt/st/stm32cubeide_1.5.0/plugins/com.st.stm32cube.ide.mcu.externaltools.gnu-tools-for-stm32.7-2018-q2-update.linux64_1.5.0.202011040924/tools/bin/../lib/gcc/arm-none-eabi/7.3.1/../../../../arm-none-eabi/lib/thumb/v7e-m/fpv5/hard/libc_nano.a(lib_a-strlen.o)
                              Core/Src/SintMate/Application/SintMate.o (strlen)
/opt/st/stm32cubeide_1.5.0/plugins/com.st.stm32cube.ide.mcu.externaltools.gnu-tools-for-stm32.7-2018-q2-update.linux64_1.5.0.202011040924/tools/bin/../lib/gcc/arm-none-eabi/7.3.1/../../../../arm-none-eabi/lib/thumb/v7e-m/fpv5/hard/libc_nano.a(lib_a-strncmp.o)
                              Core/Src/SintMate/Drivers/Flash/flash_manager.o (strncmp)
/opt/st/stm32cubeide_1.5.0/plugins/com.st.stm32cube.ide.mcu.externaltools.gnu-tools-for-stm32.7-2018-q2-update.linux64_1.5.0.202011040924/tools/bin/../lib/gcc/arm-none-eabi/7.3.1/../../../../arm-none-eabi/lib/thumb/v7e-m/fpv5/hard/libc_nano.a(lib_a-nano-svfprintf.o)
                              /opt/st/stm32cubeide_1.5.0/plugins/com.st.stm32cube.ide.mcu.externaltools.gnu-tools-for-stm32.7-2018-q2-update.linux64_1.5.0.202011040924/tools/bin/../lib/gcc/arm-none-eabi/7.3.1/../../../../arm-none-eabi/lib/thumb/v7e-m/fpv5/hard/libc_nano.a(lib_a-sprintf.o) (_svfprintf_r)
/opt/st/stm32cubeide_1.5.0/plugins/com.st.stm32cube.ide.mcu.externaltools.gnu-tools-for-stm32.7-2018-q2-update.linux64_1.5.0.202011040924/tools/bin/../lib/gcc/arm-none-eabi/7.3.1/../../../../arm-none-eabi/lib/thumb/v7e-m/fpv5/hard/libc_nano.a(lib_a-nano-vfprintf_i.o)
[...]
Memory Configuration

Name             Origin             Length             Attributes
DTCMRAM          0x0000000020000000 0x0000000000020000 xrw
ITCMRAM          0x0000000000000000 0x0000000000010000 xrw
RAM_D1           0x0000000024000000 0x0000000000080000 xrw
RAM_D2           0x0000000030000000 0x0000000000048000 xrw
RAM_D3           0x0000000038000000 0x0000000000010000 xrw
FLASH            0x0000000008000000 0x0000000000020000 xr
*default*        0x0000000000000000 0xffffffffffffffff

Linker script and memory map

LOAD /opt/st/stm32cubeide_1.5.0/plugins/com.st.stm32cube.ide.mcu.externaltools.gnu-tools-for-stm32.7-2018-q2-update.linux64_1.5.0.202011040924/tools/bin/../lib/gcc/arm-none-eabi/7.3.1/thumb/v7e-m/fpv5/hard/crti.o
LOAD /opt/st/stm32cubeide_1.5.0/plugins/com.st.stm32cube.ide.mcu.externaltools.gnu-tools-for-stm32.7-2018-q2-update.linux64_1.5.0.202011040924/tools/bin/../lib/gcc/arm-none-eabi/7.3.1/thumb/v7e-m/fpv5/hard/crtbegin.o
LOAD /opt/st/stm32cubeide_1.5.0/plugins/com.st.stm32cube.ide.mcu.externaltools.gnu-tools-for-stm32.7-2018-q2-update.linux64_1.5.0.202011040924/tools/bin/../lib/gcc/arm-none-eabi/7.3.1/../../../../arm-none-eabi/lib/thumb/v7e-m/fpv5/hard/crt0.o
LOAD Core/Src/SintMate/Application/SintMate.o
LOAD Core/Src/SintMate/BkgImages/test01.o
LOAD Core/Src/SintMate/Drivers/Flash/SpiFlash.o
LOAD Core/Src/SintMate/Drivers/Flash/flash_manager.o
LOAD Core/Src/SintMate/Drivers/ili9341/fonts.o
LOAD Core/Src/SintMate/Drivers/ili9341/ili9341.o
LOAD Core/Src/SintMate/Drivers/ili9341/ili9341_background.o
LOAD Core/Src/SintMate/Drivers/ili9341/ili9341_calibrate_touch.o
LOAD Core/Src/SintMate/Drivers/ili9341/ili9341_touch.o
LOAD Core/Src/main.o
LOAD Core/Src/stm32h7xx_hal_msp.o
LOAD Core/Src/stm32h7xx_it.o
LOAD Core/Src/syscalls.o
LOAD Core/Src/sysmem.o
LOAD Core/Src/system_stm32h7xx.o
LOAD Core/Startup/startup_stm32h750vbtx.o
LOAD Drivers/STM32H7xx_HAL_Driver/Src/stm32h7xx_hal.o
LOAD Drivers/STM32H7xx_HAL_Driver/Src/stm32h7xx_hal_cortex.o
LOAD Drivers/STM32H7xx_HAL_Driver/Src/stm32h7xx_hal_dma.o
LOAD Drivers/STM32H7xx_HAL_Driver/Src/stm32h7xx_hal_dma_ex.o
LOAD Drivers/STM32H7xx_HAL_Driver/Src/stm32h7xx_hal_exti.o
LOAD Drivers/STM32H7xx_HAL_Driver/Src/stm32h7xx_hal_flash.o
LOAD Drivers/STM32H7xx_HAL_Driver/Src/stm32h7xx_hal_flash_ex.o
LOAD Drivers/STM32H7xx_HAL_Driver/Src/stm32h7xx_hal_gpio.o
LOAD Drivers/STM32H7xx_HAL_Driver/Src/stm32h7xx_hal_hsem.o
LOAD Drivers/STM32H7xx_HAL_Driver/Src/stm32h7xx_hal_i2c.o
LOAD Drivers/STM32H7xx_HAL_Driver/Src/stm32h7xx_hal_i2c_ex.o
LOAD Drivers/STM32H7xx_HAL_Driver/Src/stm32h7xx_hal_mdma.o
LOAD Drivers/STM32H7xx_HAL_Driver/Src/stm32h7xx_hal_pwr.o
LOAD Drivers/STM32H7xx_HAL_Driver/Src/stm32h7xx_hal_pwr_ex.o
LOAD Drivers/STM32H7xx_HAL_Driver/Src/stm32h7xx_hal_rcc.o
LOAD Drivers/STM32H7xx_HAL_Driver/Src/stm32h7xx_hal_rcc_ex.o
LOAD Drivers/STM32H7xx_HAL_Driver/Src/stm32h7xx_hal_spi.o
LOAD Drivers/STM32H7xx_HAL_Driver/Src/stm32h7xx_hal_spi_ex.o
LOAD Drivers/STM32H7xx_HAL_Driver/Src/stm32h7xx_hal_tim.o
LOAD Drivers/STM32H7xx_HAL_Driver/Src/stm32h7xx_hal_tim_ex.o
START GROUP
LOAD /opt/st/stm32cubeide_1.5.0/plugins/com.st.stm32cube.ide.mcu.externaltools.gnu-tools-for-stm32.7-2018-q2-update.linux64_1.5.0.202011040924/tools/bin/../lib/gcc/arm-none-eabi/7.3.1/../../../../arm-none-eabi/lib/thumb/v7e-m/fpv5/hard/libc_nano.a
LOAD /opt/st/stm32cubeide_1.5.0/plugins/com.st.stm32cube.ide.mcu.externaltools.gnu-tools-for-stm32.7-2018-q2-update.linux64_1.5.0.202011040924/tools/bin/../lib/gcc/arm-none-eabi/7.3.1/../../../../arm-none-eabi/lib/thumb/v7e-m/fpv5/hard/libm.a
END GROUP
START GROUP
LOAD /opt/st/stm32cubeide_1.5.0/plugins/com.st.stm32cube.ide.mcu.externaltools.gnu-tools-for-stm32.7-2018-q2-update.linux64_1.5.0.202011040924/tools/bin/../lib/gcc/arm-none-eabi/7.3.1/thumb/v7e-m/fpv5/hard/libgcc.a
LOAD /opt/st/stm32cubeide_1.5.0/plugins/com.st.stm32cube.ide.mcu.externaltools.gnu-tools-for-stm32.7-2018-q2-update.linux64_1.5.0.202011040924/tools/bin/../lib/gcc/arm-none-eabi/7.3.1/../../../../arm-none-eabi/lib/thumb/v7e-m/fpv5/hard/libc_nano.a
END GROUP
START GROUP
LOAD /opt/st/stm32cubeide_1.5.0/plugins/com.st.stm32cube.ide.mcu.externaltools.gnu-tools-for-stm32.7-2018-q2-update.linux64_1.5.0.202011040924/tools/bin/../lib/gcc/arm-none-eabi/7.3.1/thumb/v7e-m/fpv5/hard/libgcc.a
LOAD /opt/st/stm32cubeide_1.5.0/plugins/com.st.stm32cube.ide.mcu.externaltools.gnu-tools-for-stm32.7-2018-q2-update.linux64_1.5.0.202011040924/tools/bin/../lib/gcc/arm-none-eabi/7.3.1/../../../../arm-none-eabi/lib/thumb/v7e-m/fpv5/hard/libc_nano.a
LOAD /opt/st/stm32cubeide_1.5.0/plugins/com.st.stm32cube.ide.mcu.externaltools.gnu-tools-for-stm32.7-2018-q2-update.linux64_1.5.0.202011040924/tools/bin/../lib/gcc/arm-none-eabi/7.3.1/../../../../arm-none-eabi/lib/thumb/v7e-m/fpv5/hard/libnosys.a
END GROUP
START GROUP
LOAD /opt/st/stm32cubeide_1.5.0/plugins/com.st.stm32cube.ide.mcu.externaltools.gnu-tools-for-stm32.7-2018-q2-update.linux64_1.5.0.202011040924/tools/bin/../lib/gcc/arm-none-eabi/7.3.1/thumb/v7e-m/fpv5/hard/libgcc.a
LOAD /opt/st/stm32cubeide_1.5.0/plugins/com.st.stm32cube.ide.mcu.externaltools.gnu-tools-for-stm32.7-2018-q2-update.linux64_1.5.0.202011040924/tools/bin/../lib/gcc/arm-none-eabi/7.3.1/../../../../arm-none-eabi/lib/thumb/v7e-m/fpv5/hard/libc_nano.a
LOAD /opt/st/stm32cubeide_1.5.0/plugins/com.st.stm32cube.ide.mcu.externaltools.gnu-tools-for-stm32.7-2018-q2-update.linux64_1.5.0.202011040924/tools/bin/../lib/gcc/arm-none-eabi/7.3.1/../../../../arm-none-eabi/lib/thumb/v7e-m/fpv5/hard/libnosys.a
END GROUP
LOAD /opt/st/stm32cubeide_1.5.0/plugins/com.st.stm32cube.ide.mcu.externaltools.gnu-tools-for-stm32.7-2018-q2-update.linux64_1.5.0.202011040924/tools/bin/../lib/gcc/arm-none-eabi/7.3.1/thumb/v7e-m/fpv5/hard/crtend.o
LOAD /opt/st/stm32cubeide_1.5.0/plugins/com.st.stm32cube.ide.mcu.externaltools.gnu-tools-for-stm32.7-2018-q2-update.linux64_1.5.0.202011040924/tools/bin/../lib/gcc/arm-none-eabi/7.3.1/thumb/v7e-m/fpv5/hard/crtn.o
                0x0000000024080000                _estack = (ORIGIN (RAM_D1) + LENGTH (RAM_D1))
                0x0000000000000200                _Min_Heap_Size = 0x200
                0x0000000000000400                _Min_Stack_Size = 0x400

.isr_vector     0x0000000008000000      0x298
                0x0000000008000000                . = ALIGN (0x4)
 *(.isr_vector)
 .isr_vector    0x0000000008000000      0x298 Core/Startup/startup_stm32h750vbtx.o
                0x0000000008000000                g_pfnVectors
                0x0000000008000298                . = ALIGN (0x4)

.text           0x00000000080002a0     0x916c
                0x00000000080002a0                . = ALIGN (0x4)
 *(.text)
 .text          0x00000000080002a0       0x40 /opt/st/stm32cubeide_1.5.0/plugins/com.st.stm32cube.ide.mcu.externaltools.gnu-tools-for-stm32.7-2018-q2-update.linux64_1.5.0.202011040924/tools/bin/../lib/gcc/arm-none-eabi/7.3.1/thumb/v7e-m/fpv5/hard/crtbegin.o
 .text          0x00000000080002e0       0x10 /opt/st/stm32cubeide_1.5.0/plugins/com.st.stm32cube.ide.mcu.externaltools.gnu-tools-for-stm32.7-2018-q2-update.linux64_1.5.0.202011040924/tools/bin/../lib/gcc/arm-none-eabi/7.3.1/../../../../arm-none-eabi/lib/thumb/v7e-m/fpv5/hard/libc_nano.a(lib_a-strlen.o)
                0x00000000080002e0                strlen
 .text          0x00000000080002f0       0xa0 /opt/st/stm32cubeide_1.5.0/plugins/com.st.stm32cube.ide.mcu.externaltools.gnu-tools-for-stm32.7-2018-q2-update.linux64_1.5.0.202011040924/tools/bin/../lib/gcc/arm-none-eabi/7.3.1/../../../../arm-none-eabi/lib/thumb/v7e-m/fpv5/hard/libc_nano.a(lib_a-memchr.o)
                0x00000000080002f0                memchr
 *(.text*)
 .text.SintMate_SystemSetDefaults
                0x0000000008000390       0x38 Core/Src/SintMate/Application/SintMate.o
                0x0000000008000390                SintMate_SystemSetDefaults
 .text.Init_SintMate
                0x00000000080003c8       0xd4 Core/Src/SintMate/Application/SintMate.o
                0x00000000080003c8                Init_SintMate
 .text.flash_SpiTX
                0x000000000800049c       0x2c Core/Src/SintMate/Drivers/Flash/SpiFlash.o
 .text.flash_WaitForWriteEnd
                0x00000000080004c8       0x40 Core/Src/SintMate/Drivers/Flash/SpiFlash.o
 .text.flash_WriteEnable
                0x0000000008000508       0x28 Core/Src/SintMate/Drivers/Flash/SpiFlash.o
 .text.flash_SectorToAddress
                0x0000000008000530       0x18 Core/Src/SintMate/Drivers/Flash/SpiFlash.o
                0x0000000008000530                flash_SectorToAddress
 .text.send_cmd_addr
                0x0000000008000548       0x84 Core/Src/SintMate/Drivers/Flash/SpiFlash.o
 .text.flash_EraseSector
                0x00000000080005cc       0x40 Core/Src/SintMate/Drivers/Flash/SpiFlash.o
                0x00000000080005cc                flash_EraseSector
 .text.flash_ReadBytes
                0x000000000800060c       0x50 Core/Src/SintMate/Drivers/Flash/SpiFlash.o
                0x000000000800060c                flash_ReadBytes
 .text.flash_WritePage
                0x000000000800065c       0x50 Core/Src/SintMate/Drivers/Flash/SpiFlash.o
 .text.flash_WriteBytes
                0x00000000080006ac       0x52 Core/Src/SintMate/Drivers/Flash/SpiFlash.o
                0x00000000080006ac                flash_WriteBytes
 *fill*         0x00000000080006fe        0x2 
 .text.flash_ReadID
                0x0000000008000700       0x44 Core/Src/SintMate/Drivers/Flash/SpiFlash.o
                0x0000000008000700                flash_ReadID
 .text.StoreSettingsInFlash
                0x0000000008000744       0x24 Core/Src/SintMate/Drivers/Flash/flash_manager.o
                0x0000000008000744                StoreSettingsInFlash
 .text.LoadSettingsFromFlash
                0x0000000008000768       0x20 Core/Src/SintMate/Drivers/Flash/flash_manager.o
                0x0000000008000768                LoadSettingsFromFlash
 .text.SetupFlash
                0x0000000008000788       0x6c Core/Src/SintMate/Drivers/Flash/flash_manager.o
                0x0000000008000788                SetupFlash
 .text.ILI9341_Select
                0x00000000080007f4       0x18 Core/Src/SintMate/Drivers/ili9341/ili9341.o
 .text.ILI9341_Unselect
                0x000000000800080c       0x18 Core/Src/SintMate/Drivers/ili9341/ili9341.o
                0x000000000800080c                ILI9341_Unselect
 .text.ILI9341_Reset
                0x0000000008000824       0x28 Core/Src/SintMate/Drivers/ili9341/ili9341.o
 .text.ILI9341_WriteCommand
                0x000000000800084c       0x34 Core/Src/SintMate/Drivers/ili9341/ili9341.o
 .text.ILI9341_WriteData
                0x0000000008000880       0x58 Core/Src/SintMate/Drivers/ili9341/ili9341.o
 .text.ILI9341_SetAddressWindow
                0x00000000080008d8       0x90 Core/Src/SintMate/Drivers/ili9341/ili9341.o
 .text.ILI9341_Init
                0x0000000008000968      0x390 Core/Src/SintMate/Drivers/ili9341/ili9341.o
                0x0000000008000968                ILI9341_Init
 .text.ILI9341_DrawPixel
                0x0000000008000cf8       0x62 Core/Src/SintMate/Drivers/ili9341/ili9341.o
                0x0000000008000cf8                ILI9341_DrawPixel
 .text.ILI9341_DrawLine
                0x0000000008000d5a       0xe2 Core/Src/SintMate/Drivers/ili9341/ili9341.o
                0x0000000008000d5a                ILI9341_DrawLine
 .text.ILI9341_DrawCircle
                0x0000000008000e3c      0x1aa Core/Src/SintMate/Drivers/ili9341/ili9341.o
                0x0000000008000e3c                ILI9341_DrawCircle
 .text.ILI9341_WriteChar
                0x0000000008000fe6       0xe8 Core/Src/SintMate/Drivers/ili9341/ili9341.o
 .text.ILI9341_WriteString
                0x00000000080010ce       0x96 Core/Src/SintMate/Drivers/ili9341/ili9341.o
                0x00000000080010ce                ILI9341_WriteString
 .text.ILI9341_FillRectangle
                0x0000000008001164      0x134 Core/Src/SintMate/Drivers/ili9341/ili9341.o
                0x0000000008001164                ILI9341_FillRectangle
 .text.ILI9341_FillScreen
                0x0000000008001298       0x24 Core/Src/SintMate/Drivers/ili9341/ili9341.o
                0x0000000008001298                ILI9341_FillScreen
 .text.ILI9341_DrawImage
                0x00000000080012bc       0x94 Core/Src/SintMate/Drivers/ili9341/ili9341.o
                0x00000000080012bc                ILI9341_DrawImage
 .text.LoadBackgroundImage
                0x0000000008001350       0x6c Core/Src/SintMate/Drivers/ili9341/ili9341_background.o
                0x0000000008001350                LoadBackgroundImage
 .text.ILI9341_draw_calibrate
                0x00000000080013bc       0x84 Core/Src/SintMate/Drivers/ili9341/ili9341_calibrate_touch.o
 .text.ILI9341_calibrate_touch
                0x0000000008001440      0x1ac Core/Src/SintMate/Drivers/ili9341/ili9341_calibrate_touch.o
                0x0000000008001440                ILI9341_calibrate_touch
 .text.ILI9341_TouchCallback
                0x00000000080015ec       0x18 Core/Src/SintMate/Drivers/ili9341/ili9341_touch.o
                0x00000000080015ec                ILI9341_TouchCallback
 .text.ILI9341_TouchSelect
                0x0000000008001604       0x18 Core/Src/SintMate/Drivers/ili9341/ili9341_touch.o
 .text.ILI9341_TouchUnselect
                0x000000000800161c       0x18 Core/Src/SintMate/Drivers/ili9341/ili9341_touch.o
                0x000000000800161c                ILI9341_TouchUnselect
 .text.ILI9341_TouchPressed
                0x0000000008001634       0x20 Core/Src/SintMate/Drivers/ili9341/ili9341_touch.o
                0x0000000008001634                ILI9341_TouchPressed
 .text.ILI9341_TouchGetCoordinates
                0x0000000008001654      0x104 Core/Src/SintMate/Drivers/ili9341/ili9341_touch.o
                0x0000000008001654                ILI9341_TouchGetCoordinates
 .text.ILI9341_GetTouch
                0x0000000008001758       0x88 Core/Src/SintMate/Drivers/ili9341/ili9341_touch.o
                0x0000000008001758                ILI9341_GetTouch
 .text.main     0x00000000080017e0      0x12c Core/Src/main.o
                0x00000000080017e0                main
 .text.SystemClock_Config
                0x000000000800190c      0x1c0 Core/Src/main.o
                0x000000000800190c                SystemClock_Config
 .text.MX_SPI1_Init
                0x0000000008001acc       0xac Core/Src/main.o
 .text.MX_SPI6_Init
                0x0000000008001b78       0xac Core/Src/main.o
 .text.MX_TIM2_Init
                0x0000000008001c24       0xcc Core/Src/main.o
 .text.MX_DMA_Init
                0x0000000008001cf0       0x40 Core/Src/main.o
 .text.MX_GPIO_Init
                0x0000000008001d30      0x190 Core/Src/main.o
 .text.Error_Handler
                0x0000000008001ec0        0x8 Core/Src/main.o
                0x0000000008001ec0                Error_Handler
 .text.HAL_MspInit
                0x0000000008001ec8       0x34 Core/Src/stm32h7xx_hal_msp.o
                0x0000000008001ec8                HAL_MspInit
 .text.HAL_SPI_MspInit
                0x0000000008001efc      0x1bc Core/Src/stm32h7xx_hal_msp.o
                0x0000000008001efc                HAL_SPI_MspInit
 .text.HAL_TIM_PWM_MspInit
                0x00000000080020b8       0x40 Core/Src/stm32h7xx_hal_msp.o
                0x00000000080020b8                HAL_TIM_PWM_MspInit
 .text.HAL_TIM_MspPostInit
                0x00000000080020f8       0x70 Core/Src/stm32h7xx_hal_msp.o
                0x00000000080020f8                HAL_TIM_MspPostInit
 .text.NMI_Handler
                0x0000000008002168        0x6 Core/Src/stm32h7xx_it.o
                0x0000000008002168                NMI_Handler
 .text.HardFault_Handler
                0x000000000800216e        0x6 Core/Src/stm32h7xx_it.o
                0x000000000800216e                HardFault_Handler
 .text.MemManage_Handler
                0x0000000008002174        0x6 Core/Src/stm32h7xx_it.o
                0x0000000008002174                MemManage_Handler
 .text.BusFault_Handler
                0x000000000800217a        0x6 Core/Src/stm32h7xx_it.o
                0x000000000800217a                BusFault_Handler
 .text.UsageFault_Handler
                0x0000000008002180        0x6 Core/Src/stm32h7xx_it.o
                0x0000000008002180                UsageFault_Handler
 .text.SVC_Handler
                0x0000000008002186        0xe Core/Src/stm32h7xx_it.o
                0x0000000008002186                SVC_Handler
 .text.DebugMon_Handler
                0x0000000008002194        0xe Core/Src/stm32h7xx_it.o
                0x0000000008002194                DebugMon_Handler
 .text.PendSV_Handler
                0x00000000080021a2        0xe Core/Src/stm32h7xx_it.o
                0x00000000080021a2                PendSV_Handler
 .text.SysTick_Handler
                0x00000000080021b0        0xc Core/Src/stm32h7xx_it.o
                0x00000000080021b0                SysTick_Handler
 .text.EXTI0_IRQHandler
                0x00000000080021bc       0x12 Core/Src/stm32h7xx_it.o
                0x00000000080021bc                EXTI0_IRQHandler
 *fill*         0x00000000080021ce        0x2 
 .text.DMA1_Stream0_IRQHandler
                0x00000000080021d0       0x14 Core/Src/stm32h7xx_it.o
                0x00000000080021d0                DMA1_Stream0_IRQHandler
 .text.SPI1_IRQHandler
                0x00000000080021e4       0x14 Core/Src/stm32h7xx_it.o
                0x00000000080021e4                SPI1_IRQHandler
 .text._sbrk    0x00000000080021f8       0x6c Core/Src/sysmem.o
                0x00000000080021f8                _sbrk
 .text.SystemInit
                0x0000000008002264      0x118 Core/Src/system_stm32h7xx.o
                0x0000000008002264                SystemInit
 .text.Reset_Handler
                0x000000000800237c       0x50 Core/Startup/startup_stm32h750vbtx.o
                0x000000000800237c                Reset_Handler
 .text.Default_Handler
                0x00000000080023cc        0x2 Core/Startup/startup_stm32h750vbtx.o
                0x00000000080023cc                RTC_Alarm_IRQHandler
                0x00000000080023cc                HASH_RNG_IRQHandler
                0x00000000080023cc                EXTI2_IRQHandler
                0x00000000080023cc                TIM8_CC_IRQHandler
                0x00000000080023cc                HRTIM1_Master_IRQHandler
                0x00000000080023cc                UART8_IRQHandler
                0x00000000080023cc                SPI4_IRQHandler
                0x00000000080023cc                TIM1_CC_IRQHandler
                0x00000000080023cc                BDMA_Channel6_IRQHandler
                0x00000000080023cc                DMA2_Stream5_IRQHandler
                0x00000000080023cc                HRTIM1_FLT_IRQHandler
                0x00000000080023cc                JPEG_IRQHandler
                0x00000000080023cc                DMA1_Stream5_IRQHandler
                0x00000000080023cc                BDMA_Channel1_IRQHandler
                0x00000000080023cc                HRTIM1_TIMD_IRQHandler
                0x00000000080023cc                TAMP_STAMP_IRQHandler
                0x00000000080023cc                EXTI3_IRQHandler
                0x00000000080023cc                LPTIM4_IRQHandler
                0x00000000080023cc                TIM8_TRG_COM_TIM14_IRQHandler
                0x00000000080023cc                LPTIM2_IRQHandler
                0x00000000080023cc                DFSDM1_FLT1_IRQHandler
                0x00000000080023cc                DMAMUX2_OVR_IRQHandler
                0x00000000080023cc                TIM8_UP_TIM13_IRQHandler
                0x00000000080023cc                I2C3_ER_IRQHandler
                0x00000000080023cc                DFSDM1_FLT2_IRQHandler
                0x00000000080023cc                MDMA_IRQHandler
                0x00000000080023cc                LPTIM3_IRQHandler
                0x00000000080023cc                HSEM1_IRQHandler
                0x00000000080023cc                I2C2_EV_IRQHandler
                0x00000000080023cc                DMA1_Stream2_IRQHandler
                0x00000000080023cc                FPU_IRQHandler
                0x00000000080023cc                OTG_HS_WKUP_IRQHandler
                0x00000000080023cc                FDCAN1_IT1_IRQHandler
                0x00000000080023cc                LTDC_ER_IRQHandler
                0x00000000080023cc                DMA2_Stream2_IRQHandler
                0x00000000080023cc                HRTIM1_TIME_IRQHandler
                0x00000000080023cc                TIM6_DAC_IRQHandler
                0x00000000080023cc                DCMI_IRQHandler
                0x00000000080023cc                HRTIM1_TIMC_IRQHandler
                0x00000000080023cc                DMA2_Stream3_IRQHandler
                0x00000000080023cc                SAI2_IRQHandler
                0x00000000080023cc                DFSDM1_FLT3_IRQHandler
                0x00000000080023cc                USART6_IRQHandler
                0x00000000080023cc                TIM17_IRQHandler
                0x00000000080023cc                USART3_IRQHandler
                0x00000000080023cc                BDMA_Channel7_IRQHandler
                0x00000000080023cc                CRYP_IRQHandler
                0x00000000080023cc                LPTIM5_IRQHandler
                0x00000000080023cc                UART5_IRQHandler
                0x00000000080023cc                ADC3_IRQHandler
                0x00000000080023cc                DMA2_Stream0_IRQHandler
                0x00000000080023cc                TIM4_IRQHandler
                0x00000000080023cc                BDMA_Channel2_IRQHandler
                0x00000000080023cc                QUADSPI_IRQHandler
                0x00000000080023cc                I2C1_EV_IRQHandler
                0x00000000080023cc                DMA1_Stream6_IRQHandler
                0x00000000080023cc                DMAMUX1_OVR_IRQHandler
                0x00000000080023cc                DMA1_Stream1_IRQHandler
                0x00000000080023cc                TIM16_IRQHandler
                0x00000000080023cc                UART4_IRQHandler
                0x00000000080023cc                BDMA_Channel5_IRQHandler
                0x00000000080023cc                TIM3_IRQHandler
                0x00000000080023cc                RCC_IRQHandler
                0x00000000080023cc                TIM8_BRK_TIM12_IRQHandler
                0x00000000080023cc                TIM1_TRG_COM_IRQHandler
                0x00000000080023cc                Default_Handler
                0x00000000080023cc                ECC_IRQHandler
                0x00000000080023cc                CEC_IRQHandler
                0x00000000080023cc                EXTI15_10_IRQHandler
                0x00000000080023cc                BDMA_Channel0_IRQHandler
                0x00000000080023cc                ADC_IRQHandler
                0x00000000080023cc                DMA1_Stream7_IRQHandler
                0x00000000080023cc                HRTIM1_TIMA_IRQHandler
                0x00000000080023cc                SPI5_IRQHandler
                0x00000000080023cc                TIM7_IRQHandler
                0x00000000080023cc                SDMMC1_IRQHandler
                0x00000000080023cc                TIM5_IRQHandler
                0x00000000080023cc                DMA2_Stream7_IRQHandler
                0x00000000080023cc                TIM15_IRQHandler
                0x00000000080023cc                PVD_AVD_IRQHandler
                0x00000000080023cc                I2C3_EV_IRQHandler
                0x00000000080023cc                EXTI9_5_IRQHandler
                0x00000000080023cc                RTC_WKUP_IRQHandler
                0x00000000080023cc                LTDC_IRQHandler
                0x00000000080023cc                SAI3_IRQHandler
                0x00000000080023cc                ETH_WKUP_IRQHandler
                0x00000000080023cc                SPDIF_RX_IRQHandler
                0x00000000080023cc                SPI2_IRQHandler
                0x00000000080023cc                OTG_HS_EP1_IN_IRQHandler
                0x00000000080023cc                CRS_IRQHandler
                0x00000000080023cc                EXTI4_IRQHandler
                0x00000000080023cc                HRTIM1_TIMB_IRQHandler
                0x00000000080023cc                FDCAN2_IT1_IRQHandler
                0x00000000080023cc                ETH_IRQHandler
                0x00000000080023cc                TIM1_UP_IRQHandler
                0x00000000080023cc                BDMA_Channel4_IRQHandler
                0x00000000080023cc                OTG_HS_EP1_OUT_IRQHandler
                0x00000000080023cc                WWDG_IRQHandler
                0x00000000080023cc                SPI6_IRQHandler
                0x00000000080023cc                MDIOS_IRQHandler
                0x00000000080023cc                I2C4_EV_IRQHandler
                0x00000000080023cc                FDCAN2_IT0_IRQHandler
                0x00000000080023cc                LPUART1_IRQHandler
                0x00000000080023cc                FDCAN1_IT0_IRQHandler
                0x00000000080023cc                TIM2_IRQHandler
                0x00000000080023cc                OTG_FS_WKUP_IRQHandler
                0x00000000080023cc                OTG_HS_IRQHandler
                0x00000000080023cc                DMA2D_IRQHandler
                0x00000000080023cc                TIM1_BRK_IRQHandler
                0x00000000080023cc                EXTI1_IRQHandler
                0x00000000080023cc                SDMMC2_IRQHandler
                0x00000000080023cc                OTG_FS_EP1_OUT_IRQHandler
                0x00000000080023cc                BDMA_Channel3_IRQHandler
                0x00000000080023cc                UART7_IRQHandler
                0x00000000080023cc                MDIOS_WKUP_IRQHandler
                0x00000000080023cc                USART2_IRQHandler
                0x00000000080023cc                DFSDM1_FLT0_IRQHandler
                0x00000000080023cc                SAI4_IRQHandler
                0x00000000080023cc                I2C2_ER_IRQHandler
                0x00000000080023cc                DMA2_Stream1_IRQHandler
                0x00000000080023cc                FLASH_IRQHandler
                0x00000000080023cc                DMA2_Stream4_IRQHandler
                0x00000000080023cc                USART1_IRQHandler
                0x00000000080023cc                OTG_FS_IRQHandler
                0x00000000080023cc                SPI3_IRQHandler
                0x00000000080023cc                WAKEUP_PIN_IRQHandler
                0x00000000080023cc                DMA1_Stream4_IRQHandler
                0x00000000080023cc                OTG_FS_EP1_IN_IRQHandler
                0x00000000080023cc                I2C1_ER_IRQHandler
                0x00000000080023cc                FMC_IRQHandler
                0x00000000080023cc                FDCAN_CAL_IRQHandler
                0x00000000080023cc                SWPMI1_IRQHandler
                0x00000000080023cc                COMP1_IRQHandler
                0x00000000080023cc                LPTIM1_IRQHandler
                0x00000000080023cc                I2C4_ER_IRQHandler
                0x00000000080023cc                DMA2_Stream6_IRQHandler
                0x00000000080023cc                SAI1_IRQHandler
                0x00000000080023cc                DMA1_Stream3_IRQHandler
 *fill*         0x00000000080023ce        0x2 
 .text.HAL_Init
                0x00000000080023d0       0x78 Drivers/STM32H7xx_HAL_Driver/Src/stm32h7xx_hal.o
                0x00000000080023d0                HAL_Init
 .text.HAL_InitTick
                0x0000000008002448       0x6c Drivers/STM32H7xx_HAL_Driver/Src/stm32h7xx_hal.o
                0x0000000008002448                HAL_InitTick
 .text.HAL_IncTick
                0x00000000080024b4       0x28 Drivers/STM32H7xx_HAL_Driver/Src/stm32h7xx_hal.o
                0x00000000080024b4                HAL_IncTick
 .text.HAL_GetTick
                0x00000000080024dc       0x18 Drivers/STM32H7xx_HAL_Driver/Src/stm32h7xx_hal.o
                0x00000000080024dc                HAL_GetTick
 .text.HAL_Delay
                0x00000000080024f4       0x44 Drivers/STM32H7xx_HAL_Driver/Src/stm32h7xx_hal.o
                0x00000000080024f4                HAL_Delay
 .text.HAL_GetREVID
                0x0000000008002538       0x18 Drivers/STM32H7xx_HAL_Driver/Src/stm32h7xx_hal.o
                0x0000000008002538                HAL_GetREVID
 .text.__NVIC_SetPriorityGrouping
                0x0000000008002550       0x48 Drivers/STM32H7xx_HAL_Driver/Src/stm32h7xx_hal_cortex.o
 .text.__NVIC_GetPriorityGrouping
                0x0000000008002598       0x1c Drivers/STM32H7xx_HAL_Driver/Src/stm32h7xx_hal_cortex.o
 .text.__NVIC_EnableIRQ
                0x00000000080025b4       0x3c Drivers/STM32H7xx_HAL_Driver/Src/stm32h7xx_hal_cortex.o
 .text.__NVIC_SetPriority
                0x00000000080025f0       0x54 Drivers/STM32H7xx_HAL_Driver/Src/stm32h7xx_hal_cortex.o
 .text.NVIC_EncodePriority
                0x0000000008002644       0x66 Drivers/STM32H7xx_HAL_Driver/Src/stm32h7xx_hal_cortex.o
 *fill*         0x00000000080026aa        0x2 
 .text.SysTick_Config
                0x00000000080026ac       0x44 Drivers/STM32H7xx_HAL_Driver/Src/stm32h7xx_hal_cortex.o
 .text.HAL_NVIC_SetPriorityGrouping
                0x00000000080026f0       0x16 Drivers/STM32H7xx_HAL_Driver/Src/stm32h7xx_hal_cortex.o
                0x00000000080026f0                HAL_NVIC_SetPriorityGrouping
 .text.HAL_NVIC_SetPriority
                0x0000000008002706       0x34 Drivers/STM32H7xx_HAL_Driver/Src/stm32h7xx_hal_cortex.o
                0x0000000008002706                HAL_NVIC_SetPriority
 .text.HAL_NVIC_EnableIRQ
                0x000000000800273a       0x1c Drivers/STM32H7xx_HAL_Driver/Src/stm32h7xx_hal_cortex.o
                0x000000000800273a                HAL_NVIC_EnableIRQ
 .text.HAL_SYSTICK_Config
                0x0000000008002756       0x18 Drivers/STM32H7xx_HAL_Driver/Src/stm32h7xx_hal_cortex.o
                0x0000000008002756                HAL_SYSTICK_Config
 *fill*         0x000000000800276e        0x2 
 .text.HAL_DMA_Init
                0x0000000008002770      0x6b8 Drivers/STM32H7xx_HAL_Driver/Src/stm32h7xx_hal_dma.o
                0x0000000008002770                HAL_DMA_Init
 .text.HAL_DMA_Abort_IT
                0x0000000008002e28      0x488 Drivers/STM32H7xx_HAL_Driver/Src/stm32h7xx_hal_dma.o
                0x0000000008002e28                HAL_DMA_Abort_IT
 .text.HAL_DMA_IRQHandler
                0x00000000080032b0      0xe54 Drivers/STM32H7xx_HAL_Driver/Src/stm32h7xx_hal_dma.o
                0x00000000080032b0                HAL_DMA_IRQHandler
 .text.DMA_CalcBaseAndBitshift
                0x0000000008004104      0x164 Drivers/STM32H7xx_HAL_Driver/Src/stm32h7xx_hal_dma.o
 .text.DMA_CheckFifoParam
                0x0000000008004268       0xf8 Drivers/STM32H7xx_HAL_Driver/Src/stm32h7xx_hal_dma.o
 .text.DMA_CalcDMAMUXChannelBaseAndMask
                0x0000000008004360      0x134 Drivers/STM32H7xx_HAL_Driver/Src/stm32h7xx_hal_dma.o
 .text.DMA_CalcDMAMUXRequestGenBaseAndMask
                0x0000000008004494       0xe8 Drivers/STM32H7xx_HAL_Driver/Src/stm32h7xx_hal_dma.o
 .text.HAL_GPIO_Init
                0x000000000800457c      0x360 Drivers/STM32H7xx_HAL_Driver/Src/stm32h7xx_hal_gpio.o
                0x000000000800457c                HAL_GPIO_Init
 .text.HAL_GPIO_ReadPin
                0x00000000080048dc       0x30 Drivers/STM32H7xx_HAL_Driver/Src/stm32h7xx_hal_gpio.o
                0x00000000080048dc                HAL_GPIO_ReadPin
 .text.HAL_GPIO_WritePin
                0x000000000800490c       0x32 Drivers/STM32H7xx_HAL_Driver/Src/stm32h7xx_hal_gpio.o
                0x000000000800490c                HAL_GPIO_WritePin
 .text.HAL_GPIO_EXTI_IRQHandler
                0x000000000800493e       0x34 Drivers/STM32H7xx_HAL_Driver/Src/stm32h7xx_hal_gpio.o
                0x000000000800493e                HAL_GPIO_EXTI_IRQHandler
 .text.HAL_GPIO_EXTI_Callback
                0x0000000008004972       0x16 Drivers/STM32H7xx_HAL_Driver/Src/stm32h7xx_hal_gpio.o
                0x0000000008004972                HAL_GPIO_EXTI_Callback
 .text.HAL_PWREx_ConfigSupply
                0x0000000008004988       0x74 Drivers/STM32H7xx_HAL_Driver/Src/stm32h7xx_hal_pwr_ex.o
                0x0000000008004988                HAL_PWREx_ConfigSupply
 .text.HAL_RCC_OscConfig
                0x00000000080049fc      0x820 Drivers/STM32H7xx_HAL_Driver/Src/stm32h7xx_hal_rcc.o
                0x00000000080049fc                HAL_RCC_OscConfig
 .text.HAL_RCC_ClockConfig
                0x000000000800521c      0x36c Drivers/STM32H7xx_HAL_Driver/Src/stm32h7xx_hal_rcc.o
                0x000000000800521c                HAL_RCC_ClockConfig
 .text.HAL_RCC_GetSysClockFreq
                0x0000000008005588      0x2e4 Drivers/STM32H7xx_HAL_Driver/Src/stm32h7xx_hal_rcc.o
                0x0000000008005588                HAL_RCC_GetSysClockFreq
 .text.HAL_RCCEx_PeriphCLKConfig
                0x000000000800586c      0xddc Drivers/STM32H7xx_HAL_Driver/Src/stm32h7xx_hal_rcc_ex.o
                0x000000000800586c                HAL_RCCEx_PeriphCLKConfig
 .text.RCCEx_PLL2_Config
                0x0000000008006648      0x164 Drivers/STM32H7xx_HAL_Driver/Src/stm32h7xx_hal_rcc_ex.o
 .text.RCCEx_PLL3_Config
                0x00000000080067ac      0x164 Drivers/STM32H7xx_HAL_Driver/Src/stm32h7xx_hal_rcc_ex.o
 .text.HAL_SPI_Init
                0x0000000008006910      0x1f0 Drivers/STM32H7xx_HAL_Driver/Src/stm32h7xx_hal_spi.o
                0x0000000008006910                HAL_SPI_Init
 .text.HAL_SPI_Transmit
                0x0000000008006b00      0x3e4 Drivers/STM32H7xx_HAL_Driver/Src/stm32h7xx_hal_spi.o
                0x0000000008006b00                HAL_SPI_Transmit
 .text.HAL_SPI_Receive
                0x0000000008006ee4      0x3e4 Drivers/STM32H7xx_HAL_Driver/Src/stm32h7xx_hal_spi.o
                0x0000000008006ee4                HAL_SPI_Receive
 .text.HAL_SPI_TransmitReceive
                0x00000000080072c8      0x5d8 Drivers/STM32H7xx_HAL_Driver/Src/stm32h7xx_hal_spi.o
                0x00000000080072c8                HAL_SPI_TransmitReceive
 .text.HAL_SPI_IRQHandler
                0x00000000080078a0      0x3c4 Drivers/STM32H7xx_HAL_Driver/Src/stm32h7xx_hal_spi.o
                0x00000000080078a0                HAL_SPI_IRQHandler
 .text.HAL_SPI_TxCpltCallback
                0x0000000008007c64       0x14 Drivers/STM32H7xx_HAL_Driver/Src/stm32h7xx_hal_spi.o
                0x0000000008007c64                HAL_SPI_TxCpltCallback
 .text.HAL_SPI_RxCpltCallback
                0x0000000008007c78       0x14 Drivers/STM32H7xx_HAL_Driver/Src/stm32h7xx_hal_spi.o
                0x0000000008007c78                HAL_SPI_RxCpltCallback
 .text.HAL_SPI_TxRxCpltCallback
                0x0000000008007c8c       0x14 Drivers/STM32H7xx_HAL_Driver/Src/stm32h7xx_hal_spi.o
                0x0000000008007c8c                HAL_SPI_TxRxCpltCallback
 .text.HAL_SPI_ErrorCallback
                0x0000000008007ca0       0x14 Drivers/STM32H7xx_HAL_Driver/Src/stm32h7xx_hal_spi.o
                0x0000000008007ca0                HAL_SPI_ErrorCallback
 .text.SPI_DMAAbortOnError
                0x0000000008007cb4       0x34 Drivers/STM32H7xx_HAL_Driver/Src/stm32h7xx_hal_spi.o
 .text.SPI_CloseTransfer
                0x0000000008007ce8      0x140 Drivers/STM32H7xx_HAL_Driver/Src/stm32h7xx_hal_spi.o
 .text.SPI_WaitOnFlagUntilTimeout
                0x0000000008007e28       0x5c Drivers/STM32H7xx_HAL_Driver/Src/stm32h7xx_hal_spi.o
 .text.SPI_GetPacketSize
                0x0000000008007e84       0x36 Drivers/STM32H7xx_HAL_Driver/Src/stm32h7xx_hal_spi.o
 .text.HAL_TIM_PWM_Init
                0x0000000008007eba       0xae Drivers/STM32H7xx_HAL_Driver/Src/stm32h7xx_hal_tim.o
                0x0000000008007eba                HAL_TIM_PWM_Init
 .text.HAL_TIM_PWM_Start
                0x0000000008007f68      0x1a4 Drivers/STM32H7xx_HAL_Driver/Src/stm32h7xx_hal_tim.o
                0x0000000008007f68                HAL_TIM_PWM_Start
 .text.HAL_TIM_PWM_ConfigChannel
                0x000000000800810c      0x220 Drivers/STM32H7xx_HAL_Driver/Src/stm32h7xx_hal_tim.o
                0x000000000800810c                HAL_TIM_PWM_ConfigChannel
 .text.TIM_Base_SetConfig
                0x000000000800832c      0x134 Drivers/STM32H7xx_HAL_Driver/Src/stm32h7xx_hal_tim.o
                0x000000000800832c                TIM_Base_SetConfig
 .text.TIM_OC1_SetConfig
                0x0000000008008460      0x120 Drivers/STM32H7xx_HAL_Driver/Src/stm32h7xx_hal_tim.o
 .text.TIM_OC2_SetConfig
                0x0000000008008580      0x114 Drivers/STM32H7xx_HAL_Driver/Src/stm32h7xx_hal_tim.o
                0x0000000008008580                TIM_OC2_SetConfig
 .text.TIM_OC3_SetConfig
                0x0000000008008694      0x10c Drivers/STM32H7xx_HAL_Driver/Src/stm32h7xx_hal_tim.o
 .text.TIM_OC4_SetConfig
                0x00000000080087a0       0xd0 Drivers/STM32H7xx_HAL_Driver/Src/stm32h7xx_hal_tim.o
 .text.TIM_OC5_SetConfig
                0x0000000008008870       0xc4 Drivers/STM32H7xx_HAL_Driver/Src/stm32h7xx_hal_tim.o
 .text.TIM_OC6_SetConfig
                0x0000000008008934       0xc8 Drivers/STM32H7xx_HAL_Driver/Src/stm32h7xx_hal_tim.o
 .text.TIM_CCxChannelCmd
                0x00000000080089fc       0x4a Drivers/STM32H7xx_HAL_Driver/Src/stm32h7xx_hal_tim.o
                0x00000000080089fc                TIM_CCxChannelCmd
 *fill*         0x0000000008008a46        0x2 
 .text.HAL_TIMEx_MasterConfigSynchronization
                0x0000000008008a48      0x110 Drivers/STM32H7xx_HAL_Driver/Src/stm32h7xx_hal_tim_ex.o
                0x0000000008008a48                HAL_TIMEx_MasterConfigSynchronization
 .text.bzero    0x0000000008008b58        0x8 /opt/st/stm32cubeide_1.5.0/plugins/com.st.stm32cube.ide.mcu.externaltools.gnu-tools-for-stm32.7-2018-q2-update.linux64_1.5.0.202011040924/tools/bin/../lib/gcc/arm-none-eabi/7.3.1/../../../../arm-none-eabi/lib/thumb/v7e-m/fpv5/hard/libc_nano.a(lib_a-bzero.o)
                0x0000000008008b58                bzero
 .text.__errno  0x0000000008008b60        0xc /opt/st/stm32cubeide_1.5.0/plugins/com.st.stm32cube.ide.mcu.externaltools.gnu-tools-for-stm32.7-2018-q2-update.linux64_1.5.0.202011040924/tools/bin/../lib/gcc/arm-none-eabi/7.3.1/../../../../arm-none-eabi/lib/thumb/v7e-m/fpv5/hard/libc_nano.a(lib_a-errno.o)
                0x0000000008008b60                __errno
 .text.__libc_init_array
                0x0000000008008b6c       0x48 /opt/st/stm32cubeide_1.5.0/plugins/com.st.stm32cube.ide.mcu.externaltools.gnu-tools-for-stm32.7-2018-q2-update.linux64_1.5.0.202011040924/tools/bin/../lib/gcc/arm-none-eabi/7.3.1/../../../../arm-none-eabi/lib/thumb/v7e-m/fpv5/hard/libc_nano.a(lib_a-init.o)
                0x0000000008008b6c                __libc_init_array
 .text.memset   0x0000000008008bb4       0x10 /opt/st/stm32cubeide_1.5.0/plugins/com.st.stm32cube.ide.mcu.externaltools.gnu-tools-for-stm32.7-2018-q2-update.linux64_1.5.0.202011040924/tools/bin/../lib/gcc/arm-none-eabi/7.3.1/../../../../arm-none-eabi/lib/thumb/v7e-m/fpv5/hard/libc_nano.a(lib_a-memset.o)
                0x0000000008008bb4                memset
 .text.sprintf  0x0000000008008bc4       0x40 /opt/st/stm32cubeide_1.5.0/plugins/com.st.stm32cube.ide.mcu.externaltools.gnu-tools-for-stm32.7-2018-q2-update.linux64_1.5.0.202011040924/tools/bin/../lib/gcc/arm-none-eabi/7.3.1/../../../../arm-none-eabi/lib/thumb/v7e-m/fpv5/hard/libc_nano.a(lib_a-sprintf.o)
                0x0000000008008bc4                sprintf
                0x0000000008008bc4                siprintf
 .text.strncmp  0x0000000008008c04       0x24 /opt/st/stm32cubeide_1.5.0/plugins/com.st.stm32cube.ide.mcu.externaltools.gnu-tools-for-stm32.7-2018-q2-update.linux64_1.5.0.202011040924/tools/bin/../lib/gcc/arm-none-eabi/7.3.1/../../../../arm-none-eabi/lib/thumb/v7e-m/fpv5/hard/libc_nano.a(lib_a-strncmp.o)
                0x0000000008008c04                strncmp
 .text.__ssputs_r
                0x0000000008008c28       0xb4 /opt/st/stm32cubeide_1.5.0/plugins/com.st.stm32cube.ide.mcu.externaltools.gnu-tools-for-stm32.7-2018-q2-update.linux64_1.5.0.202011040924/tools/bin/../lib/gcc/arm-none-eabi/7.3.1/../../../../arm-none-eabi/lib/thumb/v7e-m/fpv5/hard/libc_nano.a(lib_a-nano-svfprintf.o)
                0x0000000008008c28                __ssputs_r
 .text._svfprintf_r
                0x0000000008008cdc      0x1f0 /opt/st/stm32cubeide_1.5.0/plugins/com.st.stm32cube.ide.mcu.externaltools.gnu-tools-for-stm32.7-2018-q2-update.linux64_1.5.0.202011040924/tools/bin/../lib/gcc/arm-none-eabi/7.3.1/../../../../arm-none-eabi/lib/thumb/v7e-m/fpv5/hard/libc_nano.a(lib_a-nano-svfprintf.o)
                0x0000000008008cdc                _svfprintf_r
                0x0000000008008cdc                _svfiprintf_r
 .text._printf_common
                0x0000000008008ecc       0xea /opt/st/stm32cubeide_1.5.0/plugins/com.st.stm32cube.ide.mcu.externaltools.gnu-tools-for-stm32.7-2018-q2-update.linux64_1.5.0.202011040924/tools/bin/../lib/gcc/arm-none-eabi/7.3.1/../../../../arm-none-eabi/lib/thumb/v7e-m/fpv5/hard/libc_nano.a(lib_a-nano-vfprintf_i.o)
                0x0000000008008ecc                _printf_common
 *fill*         0x0000000008008fb6        0x2 
 .text._printf_i
                0x0000000008008fb8      0x224 /opt/st/stm32cubeide_1.5.0/plugins/com.st.stm32cube.ide.mcu.externaltools.gnu-tools-for-stm32.7-2018-q2-update.linux64_1.5.0.202011040924/tools/bin/../lib/gcc/arm-none-eabi/7.3.1/../../../../arm-none-eabi/lib/thumb/v7e-m/fpv5/hard/libc_nano.a(lib_a-nano-vfprintf_i.o)
                0x0000000008008fb8                _printf_i
 .text.memcpy   0x00000000080091dc       0x16 /opt/st/stm32cubeide_1.5.0/plugins/com.st.stm32cube.ide.mcu.externaltools.gnu-tools-for-stm32.7-2018-q2-update.linux64_1.5.0.202011040924/tools/bin/../lib/gcc/arm-none-eabi/7.3.1/../../../../arm-none-eabi/lib/thumb/v7e-m/fpv5/hard/libc_nano.a(lib_a-memcpy-stub.o)
                0x00000000080091dc                memcpy
 .text.memmove  0x00000000080091f2       0x32 /opt/st/stm32cubeide_1.5.0/plugins/com.st.stm32cube.ide.mcu.externaltools.gnu-tools-for-stm32.7-2018-q2-update.linux64_1.5.0.202011040924/tools/bin/../lib/gcc/arm-none-eabi/7.3.1/../../../../arm-none-eabi/lib/thumb/v7e-m/fpv5/hard/libc_nano.a(lib_a-memmove.o)
                0x00000000080091f2                memmove
 .text._free_r  0x0000000008009224       0x9c /opt/st/stm32cubeide_1.5.0/plugins/com.st.stm32cube.ide.mcu.externaltools.gnu-tools-for-stm32.7-2018-q2-update.linux64_1.5.0.202011040924/tools/bin/../lib/gcc/arm-none-eabi/7.3.1/../../../../arm-none-eabi/lib/thumb/v7e-m/fpv5/hard/libc_nano.a(lib_a-nano-freer.o)
                0x0000000008009224                _free_r
 .text._malloc_r
                0x00000000080092c0       0xb4 /opt/st/stm32cubeide_1.5.0/plugins/com.st.stm32cube.ide.mcu.externaltools.gnu-tools-for-stm32.7-2018-q2-update.linux64_1.5.0.202011040924/tools/bin/../lib/gcc/arm-none-eabi/7.3.1/../../../../arm-none-eabi/lib/thumb/v7e-m/fpv5/hard/libc_nano.a(lib_a-nano-mallocr.o)
                0x00000000080092c0                _malloc_r
 .text._realloc_r
                0x0000000008009374       0x4c /opt/st/stm32cubeide_1.5.0/plugins/com.st.stm32cube.ide.mcu.externaltools.gnu-tools-for-stm32.7-2018-q2-update.linux64_1.5.0.202011040924/tools/bin/../lib/gcc/arm-none-eabi/7.3.1/../../../../arm-none-eabi/lib/thumb/v7e-m/fpv5/hard/libc_nano.a(lib_a-nano-reallocr.o)
                0x0000000008009374                _realloc_r
 .text._sbrk_r  0x00000000080093c0       0x20 /opt/st/stm32cubeide_1.5.0/plugins/com.st.stm32cube.ide.mcu.externaltools.gnu-tools-for-stm32.7-2018-q2-update.linux64_1.5.0.202011040924/tools/bin/../lib/gcc/arm-none-eabi/7.3.1/../../../../arm-none-eabi/lib/thumb/v7e-m/fpv5/hard/libc_nano.a(lib_a-sbrkr.o)
                0x00000000080093c0                _sbrk_r
 .text.__malloc_lock
                0x00000000080093e0        0x2 /opt/st/stm32cubeide_1.5.0/plugins/com.st.stm32cube.ide.mcu.externaltools.gnu-tools-for-stm32.7-2018-q2-update.linux64_1.5.0.202011040924/tools/bin/../lib/gcc/arm-none-eabi/7.3.1/../../../../arm-none-eabi/lib/thumb/v7e-m/fpv5/hard/libc_nano.a(lib_a-mlock.o)
                0x00000000080093e0                __malloc_lock
 .text.__malloc_unlock
                0x00000000080093e2        0x2 /opt/st/stm32cubeide_1.5.0/plugins/com.st.stm32cube.ide.mcu.externaltools.gnu-tools-for-stm32.7-2018-q2-update.linux64_1.5.0.202011040924/tools/bin/../lib/gcc/arm-none-eabi/7.3.1/../../../../arm-none-eabi/lib/thumb/v7e-m/fpv5/hard/libc_nano.a(lib_a-mlock.o)
                0x00000000080093e2                __malloc_unlock
 .text._malloc_usable_size_r
                0x00000000080093e4       0x10 /opt/st/stm32cubeide_1.5.0/plugins/com.st.stm32cube.ide.mcu.externaltools.gnu-tools-for-stm32.7-2018-q2-update.linux64_1.5.0.202011040924/tools/bin/../lib/gcc/arm-none-eabi/7.3.1/../../../../arm-none-eabi/lib/thumb/v7e-m/fpv5/hard/libc_nano.a(lib_a-nano-msizer.o)
                0x00000000080093e4                _malloc_usable_size_r
 *(.glue_7)
 .glue_7        0x00000000080093f4        0x0 linker stubs
 *(.glue_7t)
 .glue_7t       0x00000000080093f4        0x0 linker stubs
 *(.eh_frame)
 .eh_frame      0x00000000080093f4        0x0 /opt/st/stm32cubeide_1.5.0/plugins/com.st.stm32cube.ide.mcu.externaltools.gnu-tools-for-stm32.7-2018-q2-update.linux64_1.5.0.202011040924/tools/bin/../lib/gcc/arm-none-eabi/7.3.1/thumb/v7e-m/fpv5/hard/crtbegin.o
 *(.init)
 .init          0x00000000080093f4        0x4 /opt/st/stm32cubeide_1.5.0/plugins/com.st.stm32cube.ide.mcu.externaltools.gnu-tools-for-stm32.7-2018-q2-update.linux64_1.5.0.202011040924/tools/bin/../lib/gcc/arm-none-eabi/7.3.1/thumb/v7e-m/fpv5/hard/crti.o
                0x00000000080093f4                _init
 .init          0x00000000080093f8        0x8 /opt/st/stm32cubeide_1.5.0/plugins/com.st.stm32cube.ide.mcu.externaltools.gnu-tools-for-stm32.7-2018-q2-update.linux64_1.5.0.202011040924/tools/bin/../lib/gcc/arm-none-eabi/7.3.1/thumb/v7e-m/fpv5/hard/crtn.o
 *(.fini)
 .fini          0x0000000008009400        0x4 /opt/st/stm32cubeide_1.5.0/plugins/com.st.stm32cube.ide.mcu.externaltools.gnu-tools-for-stm32.7-2018-q2-update.linux64_1.5.0.202011040924/tools/bin/../lib/gcc/arm-none-eabi/7.3.1/thumb/v7e-m/fpv5/hard/crti.o
                0x0000000008009400                _fini
 .fini          0x0000000008009404        0x8 /opt/st/stm32cubeide_1.5.0/plugins/com.st.stm32cube.ide.mcu.externaltools.gnu-tools-for-stm32.7-2018-q2-update.linux64_1.5.0.202011040924/tools/bin/../lib/gcc/arm-none-eabi/7.3.1/thumb/v7e-m/fpv5/hard/crtn.o
                0x000000000800940c                . = ALIGN (0x4)
                0x000000000800940c                _etext = .

.vfp11_veneer   0x000000000800940c        0x0
 .vfp11_veneer  0x000000000800940c        0x0 linker stubs

.v4_bx          0x000000000800940c        0x0
 .v4_bx         0x000000000800940c        0x0 linker stubs

.iplt           0x000000000800940c        0x0
 .iplt          0x000000000800940c        0x0 /opt/st/stm32cubeide_1.5.0/plugins/com.st.stm32cube.ide.mcu.externaltools.gnu-tools-for-stm32.7-2018-q2-update.linux64_1.5.0.202011040924/tools/bin/../lib/gcc/arm-none-eabi/7.3.1/thumb/v7e-m/fpv5/hard/crtbegin.o

.rodata         0x000000000800940c     0x64f4
                0x000000000800940c                . = ALIGN (0x4)
 *(.rodata)
 .rodata        0x000000000800940c       0x1a Core/Src/SintMate/Application/SintMate.o
 *fill*         0x0000000008009426        0x2 
 .rodata        0x0000000008009428        0x9 Core/Src/SintMate/Drivers/Flash/flash_manager.o
 *fill*         0x0000000008009431        0x3 
 .rodata        0x0000000008009434       0x3b Core/Src/SintMate/Drivers/ili9341/ili9341.o
 *fill*         0x000000000800946f        0x1 
 .rodata        0x0000000008009470       0x10 Core/Src/SintMate/Drivers/ili9341/ili9341_calibrate_touch.o
 .rodata        0x0000000008009480       0x10 Core/Src/main.o
 *(.rodata*)
 .rodata.GIMP_IMAGE_pixel_data
                0x0000000008009490     0x3c01 Core/Src/SintMate/BkgImages/test01.o
                0x0000000008009490                GIMP_IMAGE_pixel_data
 *fill*         0x000000000800d091        0x3 
 .rodata.Font7x10
                0x000000000800d094      0x76c Core/Src/SintMate/Drivers/ili9341/fonts.o
 .rodata.Font11x18
                0x000000000800d800      0xd5c Core/Src/SintMate/Drivers/ili9341/fonts.o
 .rodata.Font16x26
                0x000000000800e55c     0x134c Core/Src/SintMate/Drivers/ili9341/fonts.o
 .rodata.cmd_read_y.11730
                0x000000000800f8a8        0x1 Core/Src/SintMate/Drivers/ili9341/ili9341_touch.o
 *fill*         0x000000000800f8a9        0x3 
 .rodata.zeroes_tx.11731
                0x000000000800f8ac        0x2 Core/Src/SintMate/Drivers/ili9341/ili9341_touch.o
 *fill*         0x000000000800f8ae        0x2 
 .rodata.cmd_read_x.11729
                0x000000000800f8b0        0x1 Core/Src/SintMate/Drivers/ili9341/ili9341_touch.o
 *fill*         0x000000000800f8b1        0x3 
 .rodata.D1CorePrescTable
                0x000000000800f8b4       0x10 Core/Src/system_stm32h7xx.o
                0x000000000800f8b4                D1CorePrescTable
 .rodata.flagBitshiftOffset.10711
                0x000000000800f8c4        0x8 Drivers/STM32H7xx_HAL_Driver/Src/stm32h7xx_hal_dma.o
 .rodata._svfprintf_r.str1.1
                0x000000000800f8cc       0x11 /opt/st/stm32cubeide_1.5.0/plugins/com.st.stm32cube.ide.mcu.externaltools.gnu-tools-for-stm32.7-2018-q2-update.linux64_1.5.0.202011040924/tools/bin/../lib/gcc/arm-none-eabi/7.3.1/../../../../arm-none-eabi/lib/thumb/v7e-m/fpv5/hard/libc_nano.a(lib_a-nano-svfprintf.o)
 .rodata._printf_i.str1.1
                0x000000000800f8dd       0x22 /opt/st/stm32cubeide_1.5.0/plugins/com.st.stm32cube.ide.mcu.externaltools.gnu-tools-for-stm32.7-2018-q2-update.linux64_1.5.0.202011040924/tools/bin/../lib/gcc/arm-none-eabi/7.3.1/../../../../arm-none-eabi/lib/thumb/v7e-m/fpv5/hard/libc_nano.a(lib_a-nano-vfprintf_i.o)
                0x000000000800f900                . = ALIGN (0x4)
 *fill*         0x000000000800f8ff        0x1 

.rel.dyn        0x000000000800f900        0x0
 .rel.iplt      0x000000000800f900        0x0 /opt/st/stm32cubeide_1.5.0/plugins/com.st.stm32cube.ide.mcu.externaltools.gnu-tools-for-stm32.7-2018-q2-update.linux64_1.5.0.202011040924/tools/bin/../lib/gcc/arm-none-eabi/7.3.1/thumb/v7e-m/fpv5/hard/crtbegin.o

.ARM.extab      0x000000000800f900        0x0
                0x000000000800f900                . = ALIGN (0x4)
 *(.ARM.extab* .gnu.linkonce.armextab.*)
                0x000000000800f900                . = ALIGN (0x4)

.ARM            0x000000000800f900        0x0
                0x000000000800f900                . = ALIGN (0x4)
                0x000000000800f900                __exidx_start = .
 *(.ARM.exidx*)
                0x000000000800f900                __exidx_end = .
                0x000000000800f900                . = ALIGN (0x4)

.preinit_array  0x000000000800f900        0x0
                0x000000000800f900                . = ALIGN (0x4)
                0x000000000800f900                PROVIDE (__preinit_array_start = .)
 *(.preinit_array*)
                0x000000000800f900                PROVIDE (__preinit_array_end = .)
                0x000000000800f900                . = ALIGN (0x4)

.init_array     0x000000000800f900        0x4
                0x000000000800f900                . = ALIGN (0x4)
                0x000000000800f900                PROVIDE (__init_array_start = .)
 *(SORT_BY_NAME(.init_array.*))
 *(.init_array*)
 .init_array    0x000000000800f900        0x4 /opt/st/stm32cubeide_1.5.0/plugins/com.st.stm32cube.ide.mcu.externaltools.gnu-tools-for-stm32.7-2018-q2-update.linux64_1.5.0.202011040924/tools/bin/../lib/gcc/arm-none-eabi/7.3.1/thumb/v7e-m/fpv5/hard/crtbegin.o
                0x000000000800f904                PROVIDE (__init_array_end = .)
                0x000000000800f904                . = ALIGN (0x4)

.fini_array     0x000000000800f904        0x4
                0x000000000800f904                . = ALIGN (0x4)
                [!provide]                        PROVIDE (__fini_array_start = .)
 *(SORT_BY_NAME(.fini_array.*))
 *(.fini_array*)
 .fini_array    0x000000000800f904        0x4 /opt/st/stm32cubeide_1.5.0/plugins/com.st.stm32cube.ide.mcu.externaltools.gnu-tools-for-stm32.7-2018-q2-update.linux64_1.5.0.202011040924/tools/bin/../lib/gcc/arm-none-eabi/7.3.1/thumb/v7e-m/fpv5/hard/crtbegin.o
                [!provide]                        PROVIDE (__fini_array_end = .)
                0x000000000800f908                . = ALIGN (0x4)
                0x000000000800f908                _sidata = LOADADDR (.data)

.data           0x0000000024000000       0x8c load address 0x000000000800f908
                0x0000000024000000                . = ALIGN (0x4)
                0x0000000024000000                _sdata = .
 *(.data)
 *(.data*)
 .data.Font_7x10
                0x0000000024000000        0x8 Core/Src/SintMate/Drivers/ili9341/fonts.o
                0x0000000024000000                Font_7x10
 .data.Font_11x18
                0x0000000024000008        0x8 Core/Src/SintMate/Drivers/ili9341/fonts.o
                0x0000000024000008                Font_11x18
 .data.Font_16x26
                0x0000000024000010        0x8 Core/Src/SintMate/Drivers/ili9341/fonts.o
                0x0000000024000010                Font_16x26
 .data.SystemCoreClock
                0x0000000024000018        0x4 Core/Src/system_stm32h7xx.o
                0x0000000024000018                SystemCoreClock
 .data.SystemD2Clock
                0x000000002400001c        0x4 Core/Src/system_stm32h7xx.o
                0x000000002400001c                SystemD2Clock
 .data.uwTickPrio
                0x0000000024000020        0x4 Drivers/STM32H7xx_HAL_Driver/Src/stm32h7xx_hal.o
                0x0000000024000020                uwTickPrio
 .data.uwTickFreq
                0x0000000024000024        0x1 Drivers/STM32H7xx_HAL_Driver/Src/stm32h7xx_hal.o
                0x0000000024000024                uwTickFreq
 *fill*         0x0000000024000025        0x3 
 .data._impure_ptr
                0x0000000024000028        0x4 /opt/st/stm32cubeide_1.5.0/plugins/com.st.stm32cube.ide.mcu.externaltools.gnu-tools-for-stm32.7-2018-q2-update.linux64_1.5.0.202011040924/tools/bin/../lib/gcc/arm-none-eabi/7.3.1/../../../../arm-none-eabi/lib/thumb/v7e-m/fpv5/hard/libc_nano.a(lib_a-impure.o)
                0x0000000024000028                _impure_ptr
 .data.impure_data
                0x000000002400002c       0x60 /opt/st/stm32cubeide_1.5.0/plugins/com.st.stm32cube.ide.mcu.externaltools.gnu-tools-for-stm32.7-2018-q2-update.linux64_1.5.0.202011040924/tools/bin/../lib/gcc/arm-none-eabi/7.3.1/../../../../arm-none-eabi/lib/thumb/v7e-m/fpv5/hard/libc_nano.a(lib_a-impure.o)
 *(.RamFunc)
 *(.RamFunc*)
                0x000000002400008c                . = ALIGN (0x4)
                0x000000002400008c                _edata = .

.igot.plt       0x000000002400008c        0x0 load address 0x000000000800f994
 .igot.plt      0x000000002400008c        0x0 /opt/st/stm32cubeide_1.5.0/plugins/com.st.stm32cube.ide.mcu.externaltools.gnu-tools-for-stm32.7-2018-q2-update.linux64_1.5.0.202011040924/tools/bin/../lib/gcc/arm-none-eabi/7.3.1/thumb/v7e-m/fpv5/hard/crtbegin.o
                0x000000002400008c                . = ALIGN (0x4)

.bss            0x000000002400008c    0x25a7c load address 0x000000000800f994
                0x000000002400008c                _sbss = .
                0x000000002400008c                __bss_start__ = _sbss
 *(.bss)
 .bss           0x000000002400008c       0x1c /opt/st/stm32cubeide_1.5.0/plugins/com.st.stm32cube.ide.mcu.externaltools.gnu-tools-for-stm32.7-2018-q2-update.linux64_1.5.0.202011040924/tools/bin/../lib/gcc/arm-none-eabi/7.3.1/thumb/v7e-m/fpv5/hard/crtbegin.o
 *(.bss*)
 .bss.FlashIs256
                0x00000000240000a8        0x4 Core/Src/SintMate/Drivers/Flash/flash_manager.o
                0x00000000240000a8                FlashIs256
 .bss.touch_flag
                0x00000000240000ac        0x4 Core/Src/SintMate/Drivers/ili9341/ili9341_touch.o
                0x00000000240000ac                touch_flag
 .bss.__sbrk_heap_end
                0x00000000240000b0        0x4 Core/Src/sysmem.o
 .bss.__malloc_free_list
                0x00000000240000b4        0x4 /opt/st/stm32cubeide_1.5.0/plugins/com.st.stm32cube.ide.mcu.externaltools.gnu-tools-for-stm32.7-2018-q2-update.linux64_1.5.0.202011040924/tools/bin/../lib/gcc/arm-none-eabi/7.3.1/../../../../arm-none-eabi/lib/thumb/v7e-m/fpv5/hard/libc_nano.a(lib_a-nano-mallocr.o)
                0x00000000240000b4                __malloc_free_list
 .bss.__malloc_sbrk_start
                0x00000000240000b8        0x4 /opt/st/stm32cubeide_1.5.0/plugins/com.st.stm32cube.ide.mcu.externaltools.gnu-tools-for-stm32.7-2018-q2-update.linux64_1.5.0.202011040924/tools/bin/../lib/gcc/arm-none-eabi/7.3.1/../../../../arm-none-eabi/lib/thumb/v7e-m/fpv5/hard/libc_nano.a(lib_a-nano-mallocr.o)
                0x00000000240000b8                __malloc_sbrk_start
 *(COMMON)
 COMMON         0x00000000240000bc       0x40 Core/Src/SintMate/Application/SintMate.o
                0x00000000240000bc                SystemVar
                0x00000000240000c4                SystemParameters
 COMMON         0x00000000240000fc    0x25800 Core/Src/SintMate/Drivers/ili9341/ili9341.o
                0x00000000240000fc                fillbuff
 COMMON         0x00000000240258fc       0x30 Core/Src/SintMate/Drivers/ili9341/ili9341_calibrate_touch.o
                0x00000000240258fc                raw_calibration_touch_y
                0x0000000024025910                calibration_touch_y
                0x0000000024025914                raw_calibration_touch_x
                0x0000000024025928                calibration_touch_x
 COMMON         0x000000002402592c      0x1d4 Core/Src/main.o
                0x000000002402592c                hspi6
                0x00000000240259b4                hspi1
                0x0000000024025a3c                htim2
                0x0000000024025a88                hdma_spi1_tx
 COMMON         0x0000000024025b00        0x4 Drivers/STM32H7xx_HAL_Driver/Src/stm32h7xx_hal.o
                0x0000000024025b00                uwTick
 COMMON         0x0000000024025b04        0x4 /opt/st/stm32cubeide_1.5.0/plugins/com.st.stm32cube.ide.mcu.externaltools.gnu-tools-for-stm32.7-2018-q2-update.linux64_1.5.0.202011040924/tools/bin/../lib/gcc/arm-none-eabi/7.3.1/../../../../arm-none-eabi/lib/thumb/v7e-m/fpv5/hard/libc_nano.a(lib_a-reent.o)
                0x0000000024025b04                errno
                0x0000000024025b08                . = ALIGN (0x4)
                0x0000000024025b08                _ebss = .
                0x0000000024025b08                __bss_end__ = _ebss

._user_heap_stack
                0x0000000024025b08      0x600 load address 0x000000000800f994
                0x0000000024025b08                . = ALIGN (0x8)
                [!provide]                        PROVIDE (end = .)
                0x0000000024025b08                PROVIDE (_end = .)
                0x0000000024025d08                . = (. + _Min_Heap_Size)
 *fill*         0x0000000024025b08      0x200 
                0x0000000024026108                . = (. + _Min_Stack_Size)
 *fill*         0x0000000024025d08      0x400 
                0x0000000024026108                . = ALIGN (0x8)

/DISCARD/
 libc.a(*)
 libm.a(*)
 libgcc.a(*)

.ARM.attributes
                0x0000000000000000       0x2e
 *(.ARM.attributes)
 .ARM.attributes
                0x0000000000000000       0x20 /opt/st/stm32cubeide_1.5.0/plugins/com.st.stm32cube.ide.mcu.externaltools.gnu-tools-for-stm32.7-2018-q2-update.linux64_1.5.0.202011040924/tools/bin/../lib/gcc/arm-none-eabi/7.3.1/thumb/v7e-m/fpv5/hard/crti.o
 .ARM.attributes
                0x0000000000000020       0x32 /opt/st/stm32cubeide_1.5.0/plugins/com.st.stm32cube.ide.mcu.externaltools.gnu-tools-for-stm32.7-2018-q2-update.linux64_1.5.0.202011040924/tools/bin/../lib/gcc/arm-none-eabi/7.3.1/thumb/v7e-m/fpv5/hard/crtbegin.o
 .ARM.attributes
                0x0000000000000052       0x37 Core/Src/SintMate/Application/SintMate.o
 .ARM.attributes
                0x0000000000000089       0x37 Core/Src/SintMate/BkgImages/test01.o
 .ARM.attributes
                0x00000000000000c0       0x37 Core/Src/SintMate/Drivers/Flash/SpiFlash.o
 .ARM.attributes
                0x00000000000000f7       0x37 Core/Src/SintMate/Drivers/Flash/flash_manager.o
 .ARM.attributes
                0x000000000000012e       0x37 Core/Src/SintMate/Drivers/ili9341/fonts.o
 .ARM.attributes
                0x0000000000000165       0x37 Core/Src/SintMate/Drivers/ili9341/ili9341.o
 .ARM.attributes
                0x000000000000019c       0x37 Core/Src/SintMate/Drivers/ili9341/ili9341_background.o
 .ARM.attributes
                0x00000000000001d3       0x37 Core/Src/SintMate/Drivers/ili9341/ili9341_calibrate_touch.o
 .ARM.attributes
                0x000000000000020a       0x37 Core/Src/SintMate/Drivers/ili9341/ili9341_touch.o
 .ARM.attributes
                0x0000000000000241       0x37 Core/Src/main.o
 .ARM.attributes
                0x0000000000000278       0x37 Core/Src/stm32h7xx_hal_msp.o
 .ARM.attributes
                0x00000000000002af       0x37 Core/Src/stm32h7xx_it.o
 .ARM.attributes
                0x00000000000002e6       0x37 Core/Src/sysmem.o
 .ARM.attributes
                0x000000000000031d       0x37 Core/Src/system_stm32h7xx.o
 .ARM.attributes
                0x0000000000000354       0x21 Core/Startup/startup_stm32h750vbtx.o
 .ARM.attributes
                0x0000000000000375       0x37 Drivers/STM32H7xx_HAL_Driver/Src/stm32h7xx_hal.o
 .ARM.attributes
                0x00000000000003ac       0x37 Drivers/STM32H7xx_HAL_Driver/Src/stm32h7xx_hal_cortex.o
 .ARM.attributes
                0x00000000000003e3       0x37 Drivers/STM32H7xx_HAL_Driver/Src/stm32h7xx_hal_dma.o
 .ARM.attributes
                0x000000000000041a       0x37 Drivers/STM32H7xx_HAL_Driver/Src/stm32h7xx_hal_gpio.o
 .ARM.attributes
                0x0000000000000451       0x37 Drivers/STM32H7xx_HAL_Driver/Src/stm32h7xx_hal_pwr_ex.o
 .ARM.attributes
                0x0000000000000488       0x37 Drivers/STM32H7xx_HAL_Driver/Src/stm32h7xx_hal_rcc.o
 .ARM.attributes
                0x00000000000004bf       0x37 Drivers/STM32H7xx_HAL_Driver/Src/stm32h7xx_hal_rcc_ex.o
 .ARM.attributes
                0x00000000000004f6       0x37 Drivers/STM32H7xx_HAL_Driver/Src/stm32h7xx_hal_spi.o
 .ARM.attributes
                0x000000000000052d       0x37 Drivers/STM32H7xx_HAL_Driver/Src/stm32h7xx_hal_tim.o
 .ARM.attributes
                0x0000000000000564       0x37 Drivers/STM32H7xx_HAL_Driver/Src/stm32h7xx_hal_tim_ex.o
 .ARM.attributes
                0x000000000000059b       0x32 /opt/st/stm32cubeide_1.5.0/plugins/com.st.stm32cube.ide.mcu.externaltools.gnu-tools-for-stm32.7-2018-q2-update.linux64_1.5.0.202011040924/tools/bin/../lib/gcc/arm-none-eabi/7.3.1/../../../../arm-none-eabi/lib/thumb/v7e-m/fpv5/hard/libc_nano.a(lib_a-bzero.o)
 .ARM.attributes
                0x00000000000005cd       0x32 /opt/st/stm32cubeide_1.5.0/plugins/com.st.stm32cube.ide.mcu.externaltools.gnu-tools-for-stm32.7-2018-q2-update.linux64_1.5.0.202011040924/tools/bin/../lib/gcc/arm-none-eabi/7.3.1/../../../../arm-none-eabi/lib/thumb/v7e-m/fpv5/hard/libc_nano.a(lib_a-errno.o)
 .ARM.attributes
                0x00000000000005ff       0x32 /opt/st/stm32cubeide_1.5.0/plugins/com.st.stm32cube.ide.mcu.externaltools.gnu-tools-for-stm32.7-2018-q2-update.linux64_1.5.0.202011040924/tools/bin/../lib/gcc/arm-none-eabi/7.3.1/../../../../arm-none-eabi/lib/thumb/v7e-m/fpv5/hard/libc_nano.a(lib_a-impure.o)
 .ARM.attributes
                0x0000000000000631       0x32 /opt/st/stm32cubeide_1.5.0/plugins/com.st.stm32cube.ide.mcu.externaltools.gnu-tools-for-stm32.7-2018-q2-update.linux64_1.5.0.202011040924/tools/bin/../lib/gcc/arm-none-eabi/7.3.1/../../../../arm-none-eabi/lib/thumb/v7e-m/fpv5/hard/libc_nano.a(lib_a-init.o)
 .ARM.attributes
                0x0000000000000663       0x32 /opt/st/stm32cubeide_1.5.0/plugins/com.st.stm32cube.ide.mcu.externaltools.gnu-tools-for-stm32.7-2018-q2-update.linux64_1.5.0.202011040924/tools/bin/../lib/gcc/arm-none-eabi/7.3.1/../../../../arm-none-eabi/lib/thumb/v7e-m/fpv5/hard/libc_nano.a(lib_a-memset.o)
 .ARM.attributes
                0x0000000000000695       0x32 /opt/st/stm32cubeide_1.5.0/plugins/com.st.stm32cube.ide.mcu.externaltools.gnu-tools-for-stm32.7-2018-q2-update.linux64_1.5.0.202011040924/tools/bin/../lib/gcc/arm-none-eabi/7.3.1/../../../../arm-none-eabi/lib/thumb/v7e-m/fpv5/hard/libc_nano.a(lib_a-sprintf.o)
 .ARM.attributes
                0x00000000000006c7       0x19 /opt/st/stm32cubeide_1.5.0/plugins/com.st.stm32cube.ide.mcu.externaltools.gnu-tools-for-stm32.7-2018-q2-update.linux64_1.5.0.202011040924/tools/bin/../lib/gcc/arm-none-eabi/7.3.1/../../../../arm-none-eabi/lib/thumb/v7e-m/fpv5/hard/libc_nano.a(lib_a-strlen.o)
 .ARM.attributes
                0x00000000000006e0       0x32 /opt/st/stm32cubeide_1.5.0/plugins/com.st.stm32cube.ide.mcu.externaltools.gnu-tools-for-stm32.7-2018-q2-update.linux64_1.5.0.202011040924/tools/bin/../lib/gcc/arm-none-eabi/7.3.1/../../../../arm-none-eabi/lib/thumb/v7e-m/fpv5/hard/libc_nano.a(lib_a-strncmp.o)
 .ARM.attributes
                0x0000000000000712       0x32 /opt/st/stm32cubeide_1.5.0/plugins/com.st.stm32cube.ide.mcu.externaltools.gnu-tools-for-stm32.7-2018-q2-update.linux64_1.5.0.202011040924/tools/bin/../lib/gcc/arm-none-eabi/7.3.1/../../../../arm-none-eabi/lib/thumb/v7e-m/fpv5/hard/libc_nano.a(lib_a-nano-svfprintf.o)
 .ARM.attributes
                0x0000000000000744       0x32 /opt/st/stm32cubeide_1.5.0/plugins/com.st.stm32cube.ide.mcu.externaltools.gnu-tools-for-stm32.7-2018-q2-update.linux64_1.5.0.202011040924/tools/bin/../lib/gcc/arm-none-eabi/7.3.1/../../../../arm-none-eabi/lib/thumb/v7e-m/fpv5/hard/libc_nano.a(lib_a-nano-vfprintf_i.o)
 .ARM.attributes
                0x0000000000000776       0x1e /opt/st/stm32cubeide_1.5.0/plugins/com.st.stm32cube.ide.mcu.externaltools.gnu-tools-for-stm32.7-2018-q2-update.linux64_1.5.0.202011040924/tools/bin/../lib/gcc/arm-none-eabi/7.3.1/../../../../arm-none-eabi/lib/thumb/v7e-m/fpv5/hard/libc_nano.a(lib_a-memchr.o)
 .ARM.attributes
                0x0000000000000794       0x32 /opt/st/stm32cubeide_1.5.0/plugins/com.st.stm32cube.ide.mcu.externaltools.gnu-tools-for-stm32.7-2018-q2-update.linux64_1.5.0.202011040924/tools/bin/../lib/gcc/arm-none-eabi/7.3.1/../../../../arm-none-eabi/lib/thumb/v7e-m/fpv5/hard/libc_nano.a(lib_a-memcpy-stub.o)
 .ARM.attributes
                0x00000000000007c6       0x32 /opt/st/stm32cubeide_1.5.0/plugins/com.st.stm32cube.ide.mcu.externaltools.gnu-tools-for-stm32.7-2018-q2-update.linux64_1.5.0.202011040924/tools/bin/../lib/gcc/arm-none-eabi/7.3.1/../../../../arm-none-eabi/lib/thumb/v7e-m/fpv5/hard/libc_nano.a(lib_a-memmove.o)
 .ARM.attributes
                0x00000000000007f8       0x32 /opt/st/stm32cubeide_1.5.0/plugins/com.st.stm32cube.ide.mcu.externaltools.gnu-tools-for-stm32.7-2018-q2-update.linux64_1.5.0.202011040924/tools/bin/../lib/gcc/arm-none-eabi/7.3.1/../../../../arm-none-eabi/lib/thumb/v7e-m/fpv5/hard/libc_nano.a(lib_a-nano-freer.o)
 .ARM.attributes
                0x000000000000082a       0x32 /opt/st/stm32cubeide_1.5.0/plugins/com.st.stm32cube.ide.mcu.externaltools.gnu-tools-for-stm32.7-2018-q2-update.linux64_1.5.0.202011040924/tools/bin/../lib/gcc/arm-none-eabi/7.3.1/../../../../arm-none-eabi/lib/thumb/v7e-m/fpv5/hard/libc_nano.a(lib_a-nano-mallocr.o)
 .ARM.attributes
                0x000000000000085c       0x32 /opt/st/stm32cubeide_1.5.0/plugins/com.st.stm32cube.ide.mcu.externaltools.gnu-tools-for-stm32.7-2018-q2-update.linux64_1.5.0.202011040924/tools/bin/../lib/gcc/arm-none-eabi/7.3.1/../../../../arm-none-eabi/lib/thumb/v7e-m/fpv5/hard/libc_nano.a(lib_a-nano-reallocr.o)
 .ARM.attributes
                0x000000000000088e       0x32 /opt/st/stm32cubeide_1.5.0/plugins/com.st.stm32cube.ide.mcu.externaltools.gnu-tools-for-stm32.7-2018-q2-update.linux64_1.5.0.202011040924/tools/bin/../lib/gcc/arm-none-eabi/7.3.1/../../../../arm-none-eabi/lib/thumb/v7e-m/fpv5/hard/libc_nano.a(lib_a-sbrkr.o)
 .ARM.attributes
                0x00000000000008c0       0x32 /opt/st/stm32cubeide_1.5.0/plugins/com.st.stm32cube.ide.mcu.externaltools.gnu-tools-for-stm32.7-2018-q2-update.linux64_1.5.0.202011040924/tools/bin/../lib/gcc/arm-none-eabi/7.3.1/../../../../arm-none-eabi/lib/thumb/v7e-m/fpv5/hard/libc_nano.a(lib_a-mlock.o)
 .ARM.attributes
                0x00000000000008f2       0x32 /opt/st/stm32cubeide_1.5.0/plugins/com.st.stm32cube.ide.mcu.externaltools.gnu-tools-for-stm32.7-2018-q2-update.linux64_1.5.0.202011040924/tools/bin/../lib/gcc/arm-none-eabi/7.3.1/../../../../arm-none-eabi/lib/thumb/v7e-m/fpv5/hard/libc_nano.a(lib_a-nano-msizer.o)
 .ARM.attributes
                0x0000000000000924       0x32 /opt/st/stm32cubeide_1.5.0/plugins/com.st.stm32cube.ide.mcu.externaltools.gnu-tools-for-stm32.7-2018-q2-update.linux64_1.5.0.202011040924/tools/bin/../lib/gcc/arm-none-eabi/7.3.1/../../../../arm-none-eabi/lib/thumb/v7e-m/fpv5/hard/libc_nano.a(lib_a-reent.o)
 .ARM.attributes
                0x0000000000000956       0x20 /opt/st/stm32cubeide_1.5.0/plugins/com.st.stm32cube.ide.mcu.externaltools.gnu-tools-for-stm32.7-2018-q2-update.linux64_1.5.0.202011040924/tools/bin/../lib/gcc/arm-none-eabi/7.3.1/thumb/v7e-m/fpv5/hard/crtn.o
OUTPUT(SintMate.elf elf32-littlearm)

.debug_info     0x0000000000000000    0x25e03
 .debug_info    0x0000000000000000     0x162f Core/Src/SintMate/Application/SintMate.o
 .debug_info    0x000000000000162f       0x5c Core/Src/SintMate/BkgImages/test01.o
 .debug_info    0x000000000000168b     0x18b0 Core/Src/SintMate/Drivers/Flash/SpiFlash.o
 .debug_info    0x0000000000002f3b     0x161d Core/Src/SintMate/Drivers/Flash/flash_manager.o
 .debug_info    0x0000000000004558     0x1659 Core/Src/SintMate/Drivers/ili9341/fonts.o
 .debug_info    0x0000000000005bb1     0x1e64 Core/Src/SintMate/Drivers/ili9341/ili9341.o
 .debug_info    0x0000000000007a15     0x16b4 Core/Src/SintMate/Drivers/ili9341/ili9341_background.o
 .debug_info    0x00000000000090c9     0x16bc Core/Src/SintMate/Drivers/ili9341/ili9341_calibrate_touch.o
 .debug_info    0x000000000000a785     0x183c Core/Src/SintMate/Drivers/ili9341/ili9341_touch.o
 .debug_info    0x000000000000bfc1     0x2796 Core/Src/main.o
 .debug_info    0x000000000000e757     0x201f Core/Src/stm32h7xx_hal_msp.o
 .debug_info    0x0000000000010776     0x1699 Core/Src/stm32h7xx_it.o
 .debug_info    0x0000000000011e0f      0x985 Core/Src/sysmem.o
 .debug_info    0x0000000000012794     0x15e1 Core/Src/system_stm32h7xx.o
 .debug_info    0x0000000000013d75       0x22 Core/Startup/startup_stm32h750vbtx.o
 .debug_info    0x0000000000013d97     0x1e06 Drivers/STM32H7xx_HAL_Driver/Src/stm32h7xx_hal.o
 .debug_info    0x0000000000015b9d     0x1a7a Drivers/STM32H7xx_HAL_Driver/Src/stm32h7xx_hal_cortex.o
 .debug_info    0x0000000000017617     0x15b7 Drivers/STM32H7xx_HAL_Driver/Src/stm32h7xx_hal_dma.o
 .debug_info    0x0000000000018bce     0x1640 Drivers/STM32H7xx_HAL_Driver/Src/stm32h7xx_hal_gpio.o
 .debug_info    0x000000000001a20e     0x1915 Drivers/STM32H7xx_HAL_Driver/Src/stm32h7xx_hal_pwr_ex.o
 .debug_info    0x000000000001bb23     0x17a1 Drivers/STM32H7xx_HAL_Driver/Src/stm32h7xx_hal_rcc.o
 .debug_info    0x000000000001d2c4     0x1afb Drivers/STM32H7xx_HAL_Driver/Src/stm32h7xx_hal_rcc_ex.o
 .debug_info    0x000000000001edbf     0x1da0 Drivers/STM32H7xx_HAL_Driver/Src/stm32h7xx_hal_spi.o
 .debug_info    0x0000000000020b5f     0x3327 Drivers/STM32H7xx_HAL_Driver/Src/stm32h7xx_hal_tim.o
 .debug_info    0x0000000000023e86     0x1f7d Drivers/STM32H7xx_HAL_Driver/Src/stm32h7xx_hal_tim_ex.o

.debug_abbrev   0x0000000000000000     0x3a93
 .debug_abbrev  0x0000000000000000      0x205 Core/Src/SintMate/Application/SintMate.o
 .debug_abbrev  0x0000000000000205       0x48 Core/Src/SintMate/BkgImages/test01.o
 .debug_abbrev  0x000000000000024d      0x2bd Core/Src/SintMate/Drivers/Flash/SpiFlash.o
 .debug_abbrev  0x000000000000050a      0x20b Core/Src/SintMate/Drivers/Flash/flash_manager.o
 .debug_abbrev  0x0000000000000715      0x1d8 Core/Src/SintMate/Drivers/ili9341/fonts.o
 .debug_abbrev  0x00000000000008ed      0x2dc Core/Src/SintMate/Drivers/ili9341/ili9341.o
 .debug_abbrev  0x0000000000000bc9      0x230 Core/Src/SintMate/Drivers/ili9341/ili9341_background.o
 .debug_abbrev  0x0000000000000df9      0x225 Core/Src/SintMate/Drivers/ili9341/ili9341_calibrate_touch.o
 .debug_abbrev  0x000000000000101e      0x27d Core/Src/SintMate/Drivers/ili9341/ili9341_touch.o
 .debug_abbrev  0x000000000000129b      0x2e4 Core/Src/main.o
 .debug_abbrev  0x000000000000157f      0x289 Core/Src/stm32h7xx_hal_msp.o
 .debug_abbrev  0x0000000000001808      0x1e7 Core/Src/stm32h7xx_it.o
 .debug_abbrev  0x00000000000019ef      0x19b Core/Src/sysmem.o
 .debug_abbrev  0x0000000000001b8a      0x22e Core/Src/system_stm32h7xx.o
 .debug_abbrev  0x0000000000001db8       0x12 Core/Startup/startup_stm32h750vbtx.o
 .debug_abbrev  0x0000000000001dca      0x2d9 Drivers/STM32H7xx_HAL_Driver/Src/stm32h7xx_hal.o
 .debug_abbrev  0x00000000000020a3      0x3b5 Drivers/STM32H7xx_HAL_Driver/Src/stm32h7xx_hal_cortex.o
 .debug_abbrev  0x0000000000002458      0x289 Drivers/STM32H7xx_HAL_Driver/Src/stm32h7xx_hal_dma.o
 .debug_abbrev  0x00000000000026e1      0x28f Drivers/STM32H7xx_HAL_Driver/Src/stm32h7xx_hal_gpio.o
 .debug_abbrev  0x0000000000002970      0x311 Drivers/STM32H7xx_HAL_Driver/Src/stm32h7xx_hal_pwr_ex.o
 .debug_abbrev  0x0000000000002c81      0x2e2 Drivers/STM32H7xx_HAL_Driver/Src/stm32h7xx_hal_rcc.o
 .debug_abbrev  0x0000000000002f63      0x2db Drivers/STM32H7xx_HAL_Driver/Src/stm32h7xx_hal_rcc_ex.o
 .debug_abbrev  0x000000000000323e      0x2d5 Drivers/STM32H7xx_HAL_Driver/Src/stm32h7xx_hal_spi.o
 .debug_abbrev  0x0000000000003513      0x2bd Drivers/STM32H7xx_HAL_Driver/Src/stm32h7xx_hal_tim.o
 .debug_abbrev  0x00000000000037d0      0x2c3 Drivers/STM32H7xx_HAL_Driver/Src/stm32h7xx_hal_tim_ex.o

.debug_aranges  0x0000000000000000     0x1168
 .debug_aranges
                0x0000000000000000       0x28 Core/Src/SintMate/Application/SintMate.o
 .debug_aranges
                0x0000000000000028       0x18 Core/Src/SintMate/BkgImages/test01.o
 .debug_aranges
                0x0000000000000040       0x78 Core/Src/SintMate/Drivers/Flash/SpiFlash.o
 .debug_aranges
                0x00000000000000b8       0x30 Core/Src/SintMate/Drivers/Flash/flash_manager.o
 .debug_aranges
                0x00000000000000e8       0x18 Core/Src/SintMate/Drivers/ili9341/fonts.o
 .debug_aranges
                0x0000000000000100       0x98 Core/Src/SintMate/Drivers/ili9341/ili9341.o
 .debug_aranges
                0x0000000000000198       0x28 Core/Src/SintMate/Drivers/ili9341/ili9341_background.o
 .debug_aranges
                0x00000000000001c0       0x28 Core/Src/SintMate/Drivers/ili9341/ili9341_calibrate_touch.o
 .debug_aranges
                0x00000000000001e8       0x48 Core/Src/SintMate/Drivers/ili9341/ili9341_touch.o
 .debug_aranges
                0x0000000000000230       0x58 Core/Src/main.o
 .debug_aranges
                0x0000000000000288       0x48 Core/Src/stm32h7xx_hal_msp.o
 .debug_aranges
                0x00000000000002d0       0x78 Core/Src/stm32h7xx_it.o
 .debug_aranges
                0x0000000000000348       0x20 Core/Src/sysmem.o
 .debug_aranges
                0x0000000000000368       0x28 Core/Src/system_stm32h7xx.o
 .debug_aranges
                0x0000000000000390       0x28 Core/Startup/startup_stm32h750vbtx.o
 .debug_aranges
                0x00000000000003b8      0x1b8 Drivers/STM32H7xx_HAL_Driver/Src/stm32h7xx_hal.o
 .debug_aranges
                0x0000000000000570      0x120 Drivers/STM32H7xx_HAL_Driver/Src/stm32h7xx_hal_cortex.o
 .debug_aranges
                0x0000000000000690       0xa0 Drivers/STM32H7xx_HAL_Driver/Src/stm32h7xx_hal_dma.o
 .debug_aranges
                0x0000000000000730       0x58 Drivers/STM32H7xx_HAL_Driver/Src/stm32h7xx_hal_gpio.o
 .debug_aranges
                0x0000000000000788      0x158 Drivers/STM32H7xx_HAL_Driver/Src/stm32h7xx_hal_pwr_ex.o
 .debug_aranges
                0x00000000000008e0       0x88 Drivers/STM32H7xx_HAL_Driver/Src/stm32h7xx_hal_rcc.o
 .debug_aranges
                0x0000000000000968       0xf8 Drivers/STM32H7xx_HAL_Driver/Src/stm32h7xx_hal_rcc_ex.o
 .debug_aranges
                0x0000000000000a60      0x1a0 Drivers/STM32H7xx_HAL_Driver/Src/stm32h7xx_hal_spi.o
 .debug_aranges
                0x0000000000000c00      0x3e0 Drivers/STM32H7xx_HAL_Driver/Src/stm32h7xx_hal_tim.o
 .debug_aranges
                0x0000000000000fe0      0x188 Drivers/STM32H7xx_HAL_Driver/Src/stm32h7xx_hal_tim_ex.o

.debug_ranges   0x0000000000000000      0xfe8
 .debug_ranges  0x0000000000000000       0x18 Core/Src/SintMate/Application/SintMate.o
 .debug_ranges  0x0000000000000018       0x68 Core/Src/SintMate/Drivers/Flash/SpiFlash.o
 .debug_ranges  0x0000000000000080       0x20 Core/Src/SintMate/Drivers/Flash/flash_manager.o
 .debug_ranges  0x00000000000000a0       0x88 Core/Src/SintMate/Drivers/ili9341/ili9341.o
 .debug_ranges  0x0000000000000128       0x18 Core/Src/SintMate/Drivers/ili9341/ili9341_background.o
 .debug_ranges  0x0000000000000140       0x18 Core/Src/SintMate/Drivers/ili9341/ili9341_calibrate_touch.o
 .debug_ranges  0x0000000000000158       0x50 Core/Src/SintMate/Drivers/ili9341/ili9341_touch.o
 .debug_ranges  0x00000000000001a8       0x48 Core/Src/main.o
 .debug_ranges  0x00000000000001f0       0x38 Core/Src/stm32h7xx_hal_msp.o
 .debug_ranges  0x0000000000000228       0x68 Core/Src/stm32h7xx_it.o
 .debug_ranges  0x0000000000000290       0x10 Core/Src/sysmem.o
 .debug_ranges  0x00000000000002a0       0x18 Core/Src/system_stm32h7xx.o
 .debug_ranges  0x00000000000002b8       0x20 Core/Startup/startup_stm32h750vbtx.o
 .debug_ranges  0x00000000000002d8      0x1a8 Drivers/STM32H7xx_HAL_Driver/Src/stm32h7xx_hal.o
 .debug_ranges  0x0000000000000480      0x110 Drivers/STM32H7xx_HAL_Driver/Src/stm32h7xx_hal_cortex.o
 .debug_ranges  0x0000000000000590       0x90 Drivers/STM32H7xx_HAL_Driver/Src/stm32h7xx_hal_dma.o
 .debug_ranges  0x0000000000000620       0x48 Drivers/STM32H7xx_HAL_Driver/Src/stm32h7xx_hal_gpio.o
 .debug_ranges  0x0000000000000668      0x148 Drivers/STM32H7xx_HAL_Driver/Src/stm32h7xx_hal_pwr_ex.o
 .debug_ranges  0x00000000000007b0       0x78 Drivers/STM32H7xx_HAL_Driver/Src/stm32h7xx_hal_rcc.o
 .debug_ranges  0x0000000000000828       0xe8 Drivers/STM32H7xx_HAL_Driver/Src/stm32h7xx_hal_rcc_ex.o
 .debug_ranges  0x0000000000000910      0x190 Drivers/STM32H7xx_HAL_Driver/Src/stm32h7xx_hal_spi.o
 .debug_ranges  0x0000000000000aa0      0x3d0 Drivers/STM32H7xx_HAL_Driver/Src/stm32h7xx_hal_tim.o
 .debug_ranges  0x0000000000000e70      0x178 Drivers/STM32H7xx_HAL_Driver/Src/stm32h7xx_hal_tim_ex.o

.debug_macro    0x0000000000000000    0x3943a
 .debug_macro   0x0000000000000000      0x412 Core/Src/SintMate/Application/SintMate.o
 .debug_macro   0x0000000000000412      0xa66 Core/Src/SintMate/Application/SintMate.o
 .debug_macro   0x0000000000000e78      0x238 Core/Src/SintMate/Application/SintMate.o
 .debug_macro   0x00000000000010b0       0x2e Core/Src/SintMate/Application/SintMate.o
 .debug_macro   0x00000000000010de       0x3b Core/Src/SintMate/Application/SintMate.o
 .debug_macro   0x0000000000001119       0x22 Core/Src/SintMate/Application/SintMate.o
 .debug_macro   0x000000000000113b       0x8e Core/Src/SintMate/Application/SintMate.o
 .debug_macro   0x00000000000011c9       0x51 Core/Src/SintMate/Application/SintMate.o
 .debug_macro   0x000000000000121a       0xef Core/Src/SintMate/Application/SintMate.o
 .debug_macro   0x0000000000001309       0x6a Core/Src/SintMate/Application/SintMate.o
 .debug_macro   0x0000000000001373      0x1df Core/Src/SintMate/Application/SintMate.o
 .debug_macro   0x0000000000001552       0x1c Core/Src/SintMate/Application/SintMate.o
 .debug_macro   0x000000000000156e       0x22 Core/Src/SintMate/Application/SintMate.o
 .debug_macro   0x0000000000001590       0xdf Core/Src/SintMate/Application/SintMate.o
 .debug_macro   0x000000000000166f     0x12cd Core/Src/SintMate/Application/SintMate.o
 .debug_macro   0x000000000000293c      0x11f Core/Src/SintMate/Application/SintMate.o
 .debug_macro   0x0000000000002a5b       0x19 Core/Src/SintMate/Application/SintMate.o
 .debug_macro   0x0000000000002a74    0x259b2 Core/Src/SintMate/Application/SintMate.o
 .debug_macro   0x0000000000028426       0x43 Core/Src/SintMate/Application/SintMate.o
 .debug_macro   0x0000000000028469     0x3cd3 Core/Src/SintMate/Application/SintMate.o
 .debug_macro   0x000000000002c13c      0x174 Core/Src/SintMate/Application/SintMate.o
 .debug_macro   0x000000000002c2b0       0x46 Core/Src/SintMate/Application/SintMate.o
 .debug_macro   0x000000000002c2f6       0x17 Core/Src/SintMate/Application/SintMate.o
 .debug_macro   0x000000000002c30d       0x3c Core/Src/SintMate/Application/SintMate.o
 .debug_macro   0x000000000002c349       0x34 Core/Src/SintMate/Application/SintMate.o
 .debug_macro   0x000000000002c37d       0x52 Core/Src/SintMate/Application/SintMate.o
 .debug_macro   0x000000000002c3cf       0x1f Core/Src/SintMate/Application/SintMate.o
 .debug_macro   0x000000000002c3ee       0x43 Core/Src/SintMate/Application/SintMate.o
 .debug_macro   0x000000000002c431       0x20 Core/Src/SintMate/Application/SintMate.o
 .debug_macro   0x000000000002c451      0x1a3 Core/Src/SintMate/Application/SintMate.o
 .debug_macro   0x000000000002c5f4      0x32a Core/Src/SintMate/Application/SintMate.o
 .debug_macro   0x000000000002c91e      0x1e1 Core/Src/SintMate/Application/SintMate.o
 .debug_macro   0x000000000002caff       0x54 Core/Src/SintMate/Application/SintMate.o
 .debug_macro   0x000000000002cb53     0x240e Core/Src/SintMate/Application/SintMate.o
 .debug_macro   0x000000000002ef61     0x1009 Core/Src/SintMate/Application/SintMate.o
 .debug_macro   0x000000000002ff6a      0x138 Core/Src/SintMate/Application/SintMate.o
 .debug_macro   0x00000000000300a2      0x117 Core/Src/SintMate/Application/SintMate.o
 .debug_macro   0x00000000000301b9      0x3b2 Core/Src/SintMate/Application/SintMate.o
 .debug_macro   0x000000000003056b       0x27 Core/Src/SintMate/Application/SintMate.o
 .debug_macro   0x0000000000030592      0x72d Core/Src/SintMate/Application/SintMate.o
 .debug_macro   0x0000000000030cbf      0x229 Core/Src/SintMate/Application/SintMate.o
 .debug_macro   0x0000000000030ee8       0x66 Core/Src/SintMate/Application/SintMate.o
 .debug_macro   0x0000000000030f4e      0x3bb Core/Src/SintMate/Application/SintMate.o
 .debug_macro   0x0000000000031309      0x3e5 Core/Src/SintMate/Application/SintMate.o
 .debug_macro   0x00000000000316ee      0x275 Core/Src/SintMate/Application/SintMate.o
 .debug_macro   0x0000000000031963      0x3cb Core/Src/SintMate/Application/SintMate.o
 .debug_macro   0x0000000000031d2e      0x408 Core/Src/SintMate/Application/SintMate.o
 .debug_macro   0x0000000000032136       0x3c Core/Src/SintMate/Application/SintMate.o
 .debug_macro   0x0000000000032172       0x4a Core/Src/SintMate/Application/SintMate.o
 .debug_macro   0x00000000000321bc      0x22c Core/Src/SintMate/Application/SintMate.o
 .debug_macro   0x00000000000323e8       0x64 Core/Src/SintMate/Application/SintMate.o
 .debug_macro   0x000000000003244c       0xa5 Core/Src/SintMate/Application/SintMate.o
 .debug_macro   0x00000000000324f1      0x1c5 Core/Src/SintMate/Application/SintMate.o
 .debug_macro   0x00000000000326b6      0x25f Core/Src/SintMate/Application/SintMate.o
 .debug_macro   0x0000000000032915       0x35 Core/Src/SintMate/Application/SintMate.o
 .debug_macro   0x000000000003294a      0x5dd Core/Src/SintMate/Application/SintMate.o
 .debug_macro   0x0000000000032f27       0x9e Core/Src/SintMate/Application/SintMate.o
 .debug_macro   0x0000000000032fc5      0xad7 Core/Src/SintMate/Application/SintMate.o
 .debug_macro   0x0000000000033a9c      0x2a0 Core/Src/SintMate/Application/SintMate.o
 .debug_macro   0x0000000000033d3c      0x5a0 Core/Src/SintMate/Application/SintMate.o
 .debug_macro   0x00000000000342dc       0x1c Core/Src/SintMate/Application/SintMate.o
 .debug_macro   0x00000000000342f8       0x35 Core/Src/SintMate/Application/SintMate.o
 .debug_macro   0x000000000003432d       0x10 Core/Src/SintMate/Application/SintMate.o
 .debug_macro   0x000000000003433d       0x10 Core/Src/SintMate/Application/SintMate.o
 .debug_macro   0x000000000003434d       0x1c Core/Src/SintMate/Application/SintMate.o
 .debug_macro   0x0000000000034369       0x52 Core/Src/SintMate/Application/SintMate.o
 .debug_macro   0x00000000000343bb       0x40 Core/Src/SintMate/Application/SintMate.o
 .debug_macro   0x00000000000343fb       0x10 Core/Src/SintMate/Application/SintMate.o
 .debug_macro   0x000000000003440b       0x40 Core/Src/SintMate/Application/SintMate.o
 .debug_macro   0x000000000003444b       0xd7 Core/Src/SintMate/Application/SintMate.o
 .debug_macro   0x0000000000034522       0x1c Core/Src/SintMate/Application/SintMate.o
 .debug_macro   0x000000000003453e       0x3d Core/Src/SintMate/Application/SintMate.o
 .debug_macro   0x000000000003457b       0x16 Core/Src/SintMate/Application/SintMate.o
 .debug_macro   0x0000000000034591      0x145 Core/Src/SintMate/Application/SintMate.o
 .debug_macro   0x00000000000346d6       0x16 Core/Src/SintMate/Application/SintMate.o
 .debug_macro   0x00000000000346ec       0x20 Core/Src/SintMate/Application/SintMate.o
 .debug_macro   0x000000000003470c       0x22 Core/Src/SintMate/Application/SintMate.o
 .debug_macro   0x000000000003472e       0xac Core/Src/SintMate/Application/SintMate.o
 .debug_macro   0x00000000000347da       0x4c Core/Src/SintMate/Application/SintMate.o
 .debug_macro   0x0000000000034826       0x22 Core/Src/SintMate/Application/SintMate.o
 .debug_macro   0x0000000000034848       0x22 Core/Src/SintMate/Application/SintMate.o
 .debug_macro   0x000000000003486a       0x1c Core/Src/SintMate/Application/SintMate.o
 .debug_macro   0x0000000000034886       0x10 Core/Src/SintMate/Application/SintMate.o
 .debug_macro   0x0000000000034896       0x76 Core/Src/SintMate/Application/SintMate.o
 .debug_macro   0x000000000003490c       0x2f Core/Src/SintMate/BkgImages/test01.o
 .debug_macro   0x000000000003493b      0x448 Core/Src/SintMate/Drivers/Flash/SpiFlash.o
 .debug_macro   0x0000000000034d83      0x412 Core/Src/SintMate/Drivers/Flash/flash_manager.o
 .debug_macro   0x0000000000035195      0x412 Core/Src/SintMate/Drivers/ili9341/fonts.o
 .debug_macro   0x00000000000355a7      0x446 Core/Src/SintMate/Drivers/ili9341/ili9341.o
 .debug_macro   0x00000000000359ed       0x16 Core/Src/SintMate/Drivers/ili9341/ili9341.o
 .debug_macro   0x0000000000035a03       0x16 Core/Src/SintMate/Drivers/ili9341/ili9341.o
 .debug_macro   0x0000000000035a19       0x29 Core/Src/SintMate/Drivers/ili9341/ili9341.o
 .debug_macro   0x0000000000035a42      0x412 Core/Src/SintMate/Drivers/ili9341/ili9341_background.o
 .debug_macro   0x0000000000035e54      0x430 Core/Src/SintMate/Drivers/ili9341/ili9341_calibrate_touch.o
 .debug_macro   0x0000000000036284      0x41e Core/Src/SintMate/Drivers/ili9341/ili9341_touch.o
 .debug_macro   0x00000000000366a2      0x412 Core/Src/main.o
 .debug_macro   0x0000000000036ab4      0x412 Core/Src/stm32h7xx_hal_msp.o
 .debug_macro   0x0000000000036ec6      0x41c Core/Src/stm32h7xx_it.o
 .debug_macro   0x00000000000372e2       0xee Core/Src/sysmem.o
 .debug_macro   0x00000000000373d0      0x23b Core/Src/sysmem.o
 .debug_macro   0x000000000003760b      0x2a7 Core/Src/system_stm32h7xx.o
 .debug_macro   0x00000000000378b2      0x2cb Drivers/STM32H7xx_HAL_Driver/Src/stm32h7xx_hal.o
 .debug_macro   0x0000000000037b7d      0x2a1 Drivers/STM32H7xx_HAL_Driver/Src/stm32h7xx_hal_cortex.o
 .debug_macro   0x0000000000037e1e      0x2f5 Drivers/STM32H7xx_HAL_Driver/Src/stm32h7xx_hal_dma.o
 .debug_macro   0x0000000000038113      0x2dd Drivers/STM32H7xx_HAL_Driver/Src/stm32h7xx_hal_gpio.o
 .debug_macro   0x00000000000383f0      0x2da Drivers/STM32H7xx_HAL_Driver/Src/stm32h7xx_hal_pwr_ex.o
 .debug_macro   0x00000000000386ca      0x2c5 Drivers/STM32H7xx_HAL_Driver/Src/stm32h7xx_hal_rcc.o
 .debug_macro   0x000000000003898f      0x2bf Drivers/STM32H7xx_HAL_Driver/Src/stm32h7xx_hal_rcc_ex.o
 .debug_macro   0x0000000000038c4e      0x2a9 Drivers/STM32H7xx_HAL_Driver/Src/stm32h7xx_hal_spi.o
 .debug_macro   0x0000000000038ef7      0x2a2 Drivers/STM32H7xx_HAL_Driver/Src/stm32h7xx_hal_tim.o
 .debug_macro   0x0000000000039199      0x2a1 Drivers/STM32H7xx_HAL_Driver/Src/stm32h7xx_hal_tim_ex.o

.debug_line     0x0000000000000000    0x13420
 .debug_line    0x0000000000000000      0x9db Core/Src/SintMate/Application/SintMate.o
 .debug_line    0x00000000000009db       0x48 Core/Src/SintMate/BkgImages/test01.o
 .debug_line    0x0000000000000a23      0xaae Core/Src/SintMate/Drivers/Flash/SpiFlash.o
 .debug_line    0x00000000000014d1      0x9ee Core/Src/SintMate/Drivers/Flash/flash_manager.o
 .debug_line    0x0000000000001ebf      0x9a9 Core/Src/SintMate/Drivers/ili9341/fonts.o
 .debug_line    0x0000000000002868      0xc9a Core/Src/SintMate/Drivers/ili9341/ili9341.o
 .debug_line    0x0000000000003502      0xa1d Core/Src/SintMate/Drivers/ili9341/ili9341_background.o
 .debug_line    0x0000000000003f1f      0xa1a Core/Src/SintMate/Drivers/ili9341/ili9341_calibrate_touch.o
 .debug_line    0x0000000000004939      0xa45 Core/Src/SintMate/Drivers/ili9341/ili9341_touch.o
 .debug_line    0x000000000000537e      0xaea Core/Src/main.o
 .debug_line    0x0000000000005e68      0xa4b Core/Src/stm32h7xx_hal_msp.o
 .debug_line    0x00000000000068b3      0xa8e Core/Src/stm32h7xx_it.o
 .debug_line    0x0000000000007341      0x49a Core/Src/sysmem.o
 .debug_line    0x00000000000077db      0x864 Core/Src/system_stm32h7xx.o
 .debug_line    0x000000000000803f       0x87 Core/Startup/startup_stm32h750vbtx.o
 .debug_line    0x00000000000080c6      0xc16 Drivers/STM32H7xx_HAL_Driver/Src/stm32h7xx_hal.o
 .debug_line    0x0000000000008cdc      0xb55 Drivers/STM32H7xx_HAL_Driver/Src/stm32h7xx_hal_cortex.o
 .debug_line    0x0000000000009831     0x1c89 Drivers/STM32H7xx_HAL_Driver/Src/stm32h7xx_hal_dma.o
 .debug_line    0x000000000000b4ba      0xa10 Drivers/STM32H7xx_HAL_Driver/Src/stm32h7xx_hal_gpio.o
 .debug_line    0x000000000000beca      0xbf2 Drivers/STM32H7xx_HAL_Driver/Src/stm32h7xx_hal_pwr_ex.o
 .debug_line    0x000000000000cabc      0xbf8 Drivers/STM32H7xx_HAL_Driver/Src/stm32h7xx_hal_rcc.o
 .debug_line    0x000000000000d6b4      0xe56 Drivers/STM32H7xx_HAL_Driver/Src/stm32h7xx_hal_rcc_ex.o
 .debug_line    0x000000000000e50a     0x127c Drivers/STM32H7xx_HAL_Driver/Src/stm32h7xx_hal_spi.o
 .debug_line    0x000000000000f786     0x271f Drivers/STM32H7xx_HAL_Driver/Src/stm32h7xx_hal_tim.o
 .debug_line    0x0000000000011ea5     0x157b Drivers/STM32H7xx_HAL_Driver/Src/stm32h7xx_hal_tim_ex.o

.debug_str      0x0000000000000000   0x161448
 .debug_str     0x0000000000000000   0x15b1ea Core/Src/SintMate/Application/SintMate.o
                                     0x15b84a (size before relaxing)
 .debug_str     0x000000000015b1ea       0xf1 Core/Src/SintMate/BkgImages/test01.o
                                       0x2dea (size before relaxing)
 .debug_str     0x000000000015b2db      0x24a Core/Src/SintMate/Drivers/Flash/SpiFlash.o
                                     0x15ba38 (size before relaxing)
 .debug_str     0x000000000015b525       0x7c Core/Src/SintMate/Drivers/Flash/flash_manager.o
                                     0x15b860 (size before relaxing)
 .debug_str     0x000000000015b5a1       0x4a Core/Src/SintMate/Drivers/ili9341/fonts.o
                                     0x15b82e (size before relaxing)
 .debug_str     0x000000000015b5eb      0x29d Core/Src/SintMate/Drivers/ili9341/ili9341.o
                                     0x15bae7 (size before relaxing)
 .debug_str     0x000000000015b888       0x97 Core/Src/SintMate/Drivers/ili9341/ili9341_background.o
                                     0x15b891 (size before relaxing)
 .debug_str     0x000000000015b91f      0x144 Core/Src/SintMate/Drivers/ili9341/ili9341_calibrate_touch.o
                                     0x15b956 (size before relaxing)
 .debug_str     0x000000000015ba63      0x126 Core/Src/SintMate/Drivers/ili9341/ili9341_touch.o
                                     0x15b960 (size before relaxing)
 .debug_str     0x000000000015bb89     0x1087 Core/Src/main.o
                                     0x15c992 (size before relaxing)
 .debug_str     0x000000000015cc10       0xb2 Core/Src/stm32h7xx_hal_msp.o
                                     0x15c382 (size before relaxing)
 .debug_str     0x000000000015ccc2       0xf6 Core/Src/stm32h7xx_it.o
                                     0x15b8e7 (size before relaxing)
 .debug_str     0x000000000015cdb8      0x4e9 Core/Src/sysmem.o
                                       0x5f66 (size before relaxing)
 .debug_str     0x000000000015d2a1      0x332 Core/Src/system_stm32h7xx.o
                                     0x15981e (size before relaxing)
 .debug_str     0x000000000015d5d3       0x36 Core/Startup/startup_stm32h750vbtx.o
                                         0x54 (size before relaxing)
 .debug_str     0x000000000015d609      0x7d3 Drivers/STM32H7xx_HAL_Driver/Src/stm32h7xx_hal.o
                                     0x15a6ba (size before relaxing)
 .debug_str     0x000000000015dddc      0x3a8 Drivers/STM32H7xx_HAL_Driver/Src/stm32h7xx_hal_cortex.o
                                     0x15a145 (size before relaxing)
 .debug_str     0x000000000015e184      0x87e Drivers/STM32H7xx_HAL_Driver/Src/stm32h7xx_hal_dma.o
                                     0x159f17 (size before relaxing)
 .debug_str     0x000000000015ea02      0x204 Drivers/STM32H7xx_HAL_Driver/Src/stm32h7xx_hal_gpio.o
                                     0x1598ce (size before relaxing)
 .debug_str     0x000000000015ec06      0x638 Drivers/STM32H7xx_HAL_Driver/Src/stm32h7xx_hal_pwr_ex.o
                                     0x159c82 (size before relaxing)