SpiFlash.c:22:16:flash_SpiTX	32	static
SpiFlash.c:29:13:flash_WaitForWriteEnd	16	static
SpiFlash.c:42:13:flash_WriteEnable	8	static
SpiFlash.c:49:6:flash_WriteDisable	8	static
SpiFlash.c:56:10:flash_SectorToAddress	16	static
SpiFlash.c:61:10:flash_AddressToSector	16	static
SpiFlash.c:66:17:send_cmd_addr	24	static
SpiFlash.c:78:6:flash_EraseSector	24	static
SpiFlash.c:89:6:flash_ReadBytes	24	static
SpiFlash.c:99:13:flash_WritePage	24	static
SpiFlash.c:109:6:flash_WriteBytes	24	static
SpiFlash.c:122:10:flash_ReadID	16	static
