ili9341.c:7:13:ILI9341_Select	8	static
ili9341.c:11:6:ILI9341_Unselect	8	static
ili9341.c:15:13:ILI9341_Reset	8	static
ili9341.c:21:13:ILI9341_WriteCommand	16	static
ili9341.c:26:13:ILI9341_WriteData	24	static
ili9341.c:38:13:ILI9341_SetAddressWindow	32	static
ili9341.c:57:6:ILI9341_Init	120	static
ili9341.c:274:6:ILI9341_DrawPixel	24	static
ili9341.c:287:6:ILI9341_DrawLine	48	static
ili9341.c:311:6:ILI9341_DrawCircle	48	static
ili9341.c:347:13:ILI9341_WriteChar	48	static
ili9341.c:366:6:ILI9341_WriteString	32	static
ili9341.c:394:6:ILI9341_FillRectangle	40	static
ili9341.c:431:6:ILI9341_FillScreen	24	static
ili9341.c:435:6:ILI9341_DrawImage	24	static
ili9341.c:446:6:ILI9341_InvertColors	16	static
